Archive member included because of file (symbol)

c:/program files/gcc-arm-none-eabi-4_9-2014/bin/../lib/gcc/arm-none-eabi/4.9.3/../../../../arm-none-eabi/lib/armv7e-m\libg.a(lib_a-assert.o)
                              out/mbrtu.o (__assert_func)
c:/program files/gcc-arm-none-eabi-4_9-2014/bin/../lib/gcc/arm-none-eabi/4.9.3/../../../../arm-none-eabi/lib/armv7e-m\libg.a(lib_a-fiprintf.o)
                              c:/program files/gcc-arm-none-eabi-4_9-2014/bin/../lib/gcc/arm-none-eabi/4.9.3/../../../../arm-none-eabi/lib/armv7e-m\libg.a(lib_a-assert.o) (fiprintf)
c:/program files/gcc-arm-none-eabi-4_9-2014/bin/../lib/gcc/arm-none-eabi/4.9.3/../../../../arm-none-eabi/lib/armv7e-m\libg.a(lib_a-impure.o)
                              c:/program files/gcc-arm-none-eabi-4_9-2014/bin/../lib/gcc/arm-none-eabi/4.9.3/../../../../arm-none-eabi/lib/armv7e-m\libg.a(lib_a-assert.o) (_impure_ptr)
c:/program files/gcc-arm-none-eabi-4_9-2014/bin/../lib/gcc/arm-none-eabi/4.9.3/../../../../arm-none-eabi/lib/armv7e-m\libg.a(lib_a-memcpy.o)
                              out/mbfuncother.o (memcpy)
c:/program files/gcc-arm-none-eabi-4_9-2014/bin/../lib/gcc/arm-none-eabi/4.9.3/../../../../arm-none-eabi/lib/armv7e-m\libg.a(lib_a-printf.o)
                              out/main.o (printf)
c:/program files/gcc-arm-none-eabi-4_9-2014/bin/../lib/gcc/arm-none-eabi/4.9.3/../../../../arm-none-eabi/lib/armv7e-m\libg.a(lib_a-puts.o)
                              out/main.o (puts)
c:/program files/gcc-arm-none-eabi-4_9-2014/bin/../lib/gcc/arm-none-eabi/4.9.3/../../../../arm-none-eabi/lib/armv7e-m\libg.a(lib_a-reent.o)
                              out/newlib_stubs.o (errno)
c:/program files/gcc-arm-none-eabi-4_9-2014/bin/../lib/gcc/arm-none-eabi/4.9.3/../../../../arm-none-eabi/lib/armv7e-m\libg.a(lib_a-strlen.o)
                              c:/program files/gcc-arm-none-eabi-4_9-2014/bin/../lib/gcc/arm-none-eabi/4.9.3/../../../../arm-none-eabi/lib/armv7e-m\libg.a(lib_a-puts.o) (strlen)
c:/program files/gcc-arm-none-eabi-4_9-2014/bin/../lib/gcc/arm-none-eabi/4.9.3/../../../../arm-none-eabi/lib/armv7e-m\libg.a(lib_a-vfiprintf.o)
                              c:/program files/gcc-arm-none-eabi-4_9-2014/bin/../lib/gcc/arm-none-eabi/4.9.3/../../../../arm-none-eabi/lib/armv7e-m\libg.a(lib_a-fiprintf.o) (_vfiprintf_r)
c:/program files/gcc-arm-none-eabi-4_9-2014/bin/../lib/gcc/arm-none-eabi/4.9.3/../../../../arm-none-eabi/lib/armv7e-m\libg.a(lib_a-vfprintf.o)
                              c:/program files/gcc-arm-none-eabi-4_9-2014/bin/../lib/gcc/arm-none-eabi/4.9.3/../../../../arm-none-eabi/lib/armv7e-m\libg.a(lib_a-printf.o) (_vfprintf_r)
c:/program files/gcc-arm-none-eabi-4_9-2014/bin/../lib/gcc/arm-none-eabi/4.9.3/../../../../arm-none-eabi/lib/armv7e-m\libg.a(lib_a-wsetup.o)
                              c:/program files/gcc-arm-none-eabi-4_9-2014/bin/../lib/gcc/arm-none-eabi/4.9.3/../../../../arm-none-eabi/lib/armv7e-m\libg.a(lib_a-vfiprintf.o) (__swsetup_r)
c:/program files/gcc-arm-none-eabi-4_9-2014/bin/../lib/gcc/arm-none-eabi/4.9.3/../../../../arm-none-eabi/lib/armv7e-m\libg.a(lib_a-abort.o)
                              c:/program files/gcc-arm-none-eabi-4_9-2014/bin/../lib/gcc/arm-none-eabi/4.9.3/../../../../arm-none-eabi/lib/armv7e-m\libg.a(lib_a-assert.o) (abort)
c:/program files/gcc-arm-none-eabi-4_9-2014/bin/../lib/gcc/arm-none-eabi/4.9.3/../../../../arm-none-eabi/lib/armv7e-m\libg.a(lib_a-dtoa.o)
                              c:/program files/gcc-arm-none-eabi-4_9-2014/bin/../lib/gcc/arm-none-eabi/4.9.3/../../../../arm-none-eabi/lib/armv7e-m\libg.a(lib_a-vfprintf.o) (_dtoa_r)
c:/program files/gcc-arm-none-eabi-4_9-2014/bin/../lib/gcc/arm-none-eabi/4.9.3/../../../../arm-none-eabi/lib/armv7e-m\libg.a(lib_a-fflush.o)
                              c:/program files/gcc-arm-none-eabi-4_9-2014/bin/../lib/gcc/arm-none-eabi/4.9.3/../../../../arm-none-eabi/lib/armv7e-m\libg.a(lib_a-vfiprintf.o) (_fflush_r)
c:/program files/gcc-arm-none-eabi-4_9-2014/bin/../lib/gcc/arm-none-eabi/4.9.3/../../../../arm-none-eabi/lib/armv7e-m\libg.a(lib_a-findfp.o)
                              c:/program files/gcc-arm-none-eabi-4_9-2014/bin/../lib/gcc/arm-none-eabi/4.9.3/../../../../arm-none-eabi/lib/armv7e-m\libg.a(lib_a-vfiprintf.o) (__sinit)
c:/program files/gcc-arm-none-eabi-4_9-2014/bin/../lib/gcc/arm-none-eabi/4.9.3/../../../../arm-none-eabi/lib/armv7e-m\libg.a(lib_a-fputwc.o)
                              c:/program files/gcc-arm-none-eabi-4_9-2014/bin/../lib/gcc/arm-none-eabi/4.9.3/../../../../arm-none-eabi/lib/armv7e-m\libg.a(lib_a-vfiprintf.o) (_fputwc_r)
c:/program files/gcc-arm-none-eabi-4_9-2014/bin/../lib/gcc/arm-none-eabi/4.9.3/../../../../arm-none-eabi/lib/armv7e-m\libg.a(lib_a-freer.o)
                              c:/program files/gcc-arm-none-eabi-4_9-2014/bin/../lib/gcc/arm-none-eabi/4.9.3/../../../../arm-none-eabi/lib/armv7e-m\libg.a(lib_a-reent.o) (_free_r)
[...]
Memory Configuration

Name             Origin             Length             Attributes
FLASH            0x08000000         0x00080000         xr
RAM              0x20000000         0x00020000         xrw
*default*        0x00000000         0xffffffff

Linker script and memory map

LOAD out/startup_stm32f411xe.o
LOAD out/system_stm32f4xx.o
LOAD out/stm32f4xx_it.o
LOAD out/main.o
LOAD out/stm32f4xx_hal_msp.o
LOAD out/newlib_stubs.o
LOAD out/portevent.o
LOAD out/portserial.o
LOAD out/porttimer.o
LOAD out/port.o
LOAD out/mb.o
LOAD out/mbrtu.o
LOAD out/mbcrc.o
LOAD out/mbascii.o
LOAD out/mbutils.o
LOAD out/mbfunccoils.o
LOAD out/mbfuncdiag.o
LOAD out/mbfuncother.o
LOAD out/mbfuncdisc.o
LOAD out/mbfuncinput.o
LOAD out/mbfuncholding.o
LOAD out/stm32f4xx_hal_crc.o
LOAD out/stm32f4xx_hal_pwr_ex.o
LOAD out/stm32f4xx_hal_rtc_ex.o
LOAD out/stm32f4xx_hal_ltdc.o
LOAD out/stm32f4xx_ll_sdmmc.o
LOAD out/stm32f4xx_hal_rcc.o
LOAD out/stm32f4xx_hal_sd.o
LOAD out/stm32f4xx_hal_eth.o
LOAD out/stm32f4xx_hal_i2c.o
LOAD out/stm32f4xx_hal_flash_ramfunc.o
LOAD out/stm32f4xx_hal_pwr.o
LOAD out/stm32f4xx_hal_rtc.o
LOAD out/stm32f4xx_hal_i2c_ex.o
LOAD out/stm32f4xx_hal_cortex.o
LOAD out/stm32f4xx_ll_fmc.o
LOAD out/stm32f4xx_hal_pccard.o
LOAD out/stm32f4xx_hal_i2s.o
LOAD out/stm32f4xx_hal_spi.o
LOAD out/stm32f4xx_hal_uart.o
LOAD out/stm32f4xx_hal_wwdg.o
LOAD out/stm32f4xx_hal_rng.o
LOAD out/stm32f4xx_hal_flash_ex.o
LOAD out/stm32f4xx_ll_usb.o
LOAD out/stm32f4xx_hal_i2s_ex.o
LOAD out/stm32f4xx_ll_fsmc.o
LOAD out/stm32f4xx_hal_irda.o
LOAD out/stm32f4xx_hal_flash.o
LOAD out/stm32f4xx_hal_sdram.o
LOAD out/stm32f4xx_hal_dac_ex.o
LOAD out/stm32f4xx_hal_usart.o
LOAD out/stm32f4xx_hal_sram.o
LOAD out/stm32f4xx_hal_dma_ex.o
LOAD out/stm32f4xx_hal_hash_ex.o
LOAD out/stm32f4xx_hal_nor.o
LOAD out/stm32f4xx_hal_can.o
LOAD out/stm32f4xx_hal_dac.o
LOAD out/stm32f4xx_hal_hcd.o
LOAD out/stm32f4xx_hal_dma.o
LOAD out/stm32f4xx_hal_adc_ex.o
LOAD out/stm32f4xx_hal_tim_ex.o
LOAD out/stm32f4xx_hal_cryp_ex.o
LOAD out/stm32f4xx_hal_sai.o
LOAD out/stm32f4xx_hal_dma2d.o
LOAD out/stm32f4xx_hal_iwdg.o
LOAD out/stm32f4xx_hal_smartcard.o
LOAD out/stm32f4xx_hal_adc.o
LOAD out/stm32f4xx_hal_pcd_ex.o
LOAD out/stm32f4xx_hal_tim.o
LOAD out/stm32f4xx_hal_gpio.o
LOAD out/stm32f4xx_hal_nand.o
LOAD out/stm32f4xx_hal_cryp.o
LOAD out/stm32f4xx_hal.o
LOAD out/stm32f4xx_hal_rcc_ex.o
LOAD out/stm32f4xx_hal_hash.o
LOAD out/stm32f4xx_hal_pcd.o
LOAD out/stm32f4xx_hal_dcmi.o
LOAD out/test.o
LOAD c:/program files/gcc-arm-none-eabi-4_9-2014/bin/../lib/gcc/arm-none-eabi/4.9.3/../../../../arm-none-eabi/lib/armv7e-m\libstdc++.a
LOAD c:/program files/gcc-arm-none-eabi-4_9-2014/bin/../lib/gcc/arm-none-eabi/4.9.3/../../../../arm-none-eabi/lib/armv7e-m\libm.a
START GROUP
LOAD c:/program files/gcc-arm-none-eabi-4_9-2014/bin/../lib/gcc/arm-none-eabi/4.9.3/armv7e-m\libgcc.a
LOAD c:/program files/gcc-arm-none-eabi-4_9-2014/bin/../lib/gcc/arm-none-eabi/4.9.3/../../../../arm-none-eabi/lib/armv7e-m\libg.a
LOAD c:/program files/gcc-arm-none-eabi-4_9-2014/bin/../lib/gcc/arm-none-eabi/4.9.3/../../../../arm-none-eabi/lib/armv7e-m\libc.a
END GROUP
                0x2001ffff                _estack = 0x2001ffff
                0x00000200                _Min_Heap_Size = 0x200
                0x00000900                _Min_Stack_Size = 0x900

.isr_vector     0x08000000      0x198
                0x08000000                . = ALIGN (0x4)
 *(.isr_vector)
 .isr_vector    0x08000000      0x198 out/startup_stm32f411xe.o
                0x08000000                g_pfnVectors
                0x08000198                . = ALIGN (0x4)

.text           0x08000198     0x8e88
                0x08000198                . = ALIGN (0x4)
 *(.text)
 .text          0x08000198      0x134 c:/program files/gcc-arm-none-eabi-4_9-2014/bin/../lib/gcc/arm-none-eabi/4.9.3/../../../../arm-none-eabi/lib/armv7e-m\libg.a(lib_a-memcpy.o)
                0x08000198                memcpy
 .text          0x080002cc      0x370 c:/program files/gcc-arm-none-eabi-4_9-2014/bin/../lib/gcc/arm-none-eabi/4.9.3/armv7e-m\libgcc.a(_arm_addsubdf3.o)
                0x080002cc                __aeabi_drsub
                0x080002d4                __aeabi_dsub
                0x080002d4                __subdf3
                0x080002d8                __aeabi_dadd
                0x080002d8                __adddf3
                0x08000550                __floatunsidf
                0x08000550                __aeabi_ui2d
                0x08000570                __floatsidf
                0x08000570                __aeabi_i2d
                0x08000594                __aeabi_f2d
                0x08000594                __extendsfdf2
                0x080005d0                __floatundidf
                0x080005d0                __aeabi_ul2d
                0x080005e0                __floatdidf
                0x080005e0                __aeabi_l2d
 .text          0x0800063c      0x424 c:/program files/gcc-arm-none-eabi-4_9-2014/bin/../lib/gcc/arm-none-eabi/4.9.3/armv7e-m\libgcc.a(_arm_muldivdf3.o)
                0x0800063c                __aeabi_dmul
                0x0800063c                __muldf3
                0x08000890                __divdf3
                0x08000890                __aeabi_ddiv
 .text          0x08000a60      0x110 c:/program files/gcc-arm-none-eabi-4_9-2014/bin/../lib/gcc/arm-none-eabi/4.9.3/armv7e-m\libgcc.a(_arm_cmpdf2.o)
                0x08000a60                __gtdf2
                0x08000a60                __gedf2
                0x08000a68                __ltdf2
                0x08000a68                __ledf2
                0x08000a70                __nedf2
                0x08000a70                __eqdf2
                0x08000a70                __cmpdf2
                0x08000aec                __aeabi_cdrcmple
                0x08000afc                __aeabi_cdcmpeq
                0x08000afc                __aeabi_cdcmple
                0x08000b0c                __aeabi_dcmpeq
                0x08000b20                __aeabi_dcmplt
                0x08000b34                __aeabi_dcmple
                0x08000b48                __aeabi_dcmpge
                0x08000b5c                __aeabi_dcmpgt
 .text          0x08000b70       0x50 c:/program files/gcc-arm-none-eabi-4_9-2014/bin/../lib/gcc/arm-none-eabi/4.9.3/armv7e-m\libgcc.a(_arm_fixdfsi.o)
                0x08000b70                __aeabi_d2iz
                0x08000b70                __fixdfsi
 .text          0x08000bc0       0x2c c:/program files/gcc-arm-none-eabi-4_9-2014/bin/../lib/gcc/arm-none-eabi/4.9.3/armv7e-m\libgcc.a(_aeabi_uldivmod.o)
                0x08000bc0                __aeabi_uldivmod
 .text          0x08000bec       0x60 c:/program files/gcc-arm-none-eabi-4_9-2014/bin/../lib/gcc/arm-none-eabi/4.9.3/armv7e-m\libgcc.a(bpabi.o)
                0x08000bec                __gnu_ldivmod_helper
                0x08000c1c                __gnu_uldivmod_helper
 .text          0x08000c4c        0x4 c:/program files/gcc-arm-none-eabi-4_9-2014/bin/../lib/gcc/arm-none-eabi/4.9.3/armv7e-m\libgcc.a(_dvmd_tls.o)
                0x08000c4c                __aeabi_idiv0
                0x08000c4c                __aeabi_ldiv0
 .text          0x08000c50      0x29c c:/program files/gcc-arm-none-eabi-4_9-2014/bin/../lib/gcc/arm-none-eabi/4.9.3/armv7e-m\libgcc.a(_divdi3.o)
                0x08000c50                __divdi3
 .text          0x08000eec      0x26c c:/program files/gcc-arm-none-eabi-4_9-2014/bin/../lib/gcc/arm-none-eabi/4.9.3/armv7e-m\libgcc.a(_udivdi3.o)
                0x08000eec                __udivdi3
 *(.text*)
 .text.Reset_Handler
                0x08001158       0x4c out/startup_stm32f411xe.o
                0x08001158                Reset_Handler
 .text.Default_Handler
                0x080011a4        0x2 out/startup_stm32f411xe.o
                0x080011a4                RTC_Alarm_IRQHandler
                0x080011a4                EXTI2_IRQHandler
                0x080011a4                SPI4_IRQHandler
                0x080011a4                TIM1_CC_IRQHandler
                0x080011a4                DMA2_Stream5_IRQHandler
                0x080011a4                DMA1_Stream5_IRQHandler
                0x080011a4                PVD_IRQHandler
                0x080011a4                SDIO_IRQHandler
                0x080011a4                TAMP_STAMP_IRQHandler
                0x080011a4                EXTI3_IRQHandler
                0x080011a4                TIM1_UP_TIM10_IRQHandler
                0x080011a4                I2C3_ER_IRQHandler
                0x080011a4                EXTI0_IRQHandler
                0x080011a4                I2C2_EV_IRQHandler
                0x080011a4                DMA1_Stream2_IRQHandler
                0x080011a4                FPU_IRQHandler
                0x080011a4                DMA2_Stream2_IRQHandler
                0x080011a4                SPI1_IRQHandler
                0x080011a4                TIM1_BRK_TIM9_IRQHandler
                0x080011a4                DMA2_Stream3_IRQHandler
                0x080011a4                USART6_IRQHandler
                0x080011a4                DMA2_Stream0_IRQHandler
                0x080011a4                TIM4_IRQHandler
                0x080011a4                I2C1_EV_IRQHandler
                0x080011a4                DMA1_Stream6_IRQHandler
                0x080011a4                DMA1_Stream1_IRQHandler
                0x080011a4                TIM3_IRQHandler
                0x080011a4                RCC_IRQHandler
                0x080011a4                Default_Handler
                0x080011a4                EXTI15_10_IRQHandler
                0x080011a4                ADC_IRQHandler
                0x080011a4                DMA1_Stream7_IRQHandler
                0x080011a4                SPI5_IRQHandler
                0x080011a4                DMA2_Stream7_IRQHandler
                0x080011a4                I2C3_EV_IRQHandler
                0x080011a4                EXTI9_5_IRQHandler
                0x080011a4                RTC_WKUP_IRQHandler
                0x080011a4                SPI2_IRQHandler
                0x080011a4                DMA1_Stream0_IRQHandler
                0x080011a4                EXTI4_IRQHandler
                0x080011a4                WWDG_IRQHandler
                0x080011a4                TIM2_IRQHandler
                0x080011a4                OTG_FS_WKUP_IRQHandler
                0x080011a4                TIM1_TRG_COM_TIM11_IRQHandler
                0x080011a4                EXTI1_IRQHandler
                0x080011a4                USART2_IRQHandler
                0x080011a4                I2C2_ER_IRQHandler
                0x080011a4                DMA2_Stream1_IRQHandler
                0x080011a4                FLASH_IRQHandler
                0x080011a4                DMA2_Stream4_IRQHandler
                0x080011a4                OTG_FS_IRQHandler
                0x080011a4                SPI3_IRQHandler
                0x080011a4                DMA1_Stream4_IRQHandler
                0x080011a4                I2C1_ER_IRQHandler
                0x080011a4                DMA2_Stream6_IRQHandler
                0x080011a4                DMA1_Stream3_IRQHandler
 *fill*         0x080011a6        0x2 
 .text.SystemInit
                0x080011a8       0x40 out/system_stm32f4xx.o
                0x080011a8                SystemInit
 .text.NMI_Handler
                0x080011e8        0x2 out/stm32f4xx_it.o
                0x080011e8                NMI_Handler
 .text.HardFault_Handler
                0x080011ea        0x2 out/stm32f4xx_it.o
                0x080011ea                HardFault_Handler
 .text.MemManage_Handler
                0x080011ec        0x2 out/stm32f4xx_it.o
                0x080011ec                MemManage_Handler
 .text.BusFault_Handler
                0x080011ee        0x2 out/stm32f4xx_it.o
                0x080011ee                BusFault_Handler
 .text.UsageFault_Handler
                0x080011f0        0x2 out/stm32f4xx_it.o
                0x080011f0                UsageFault_Handler
 .text.SVC_Handler
                0x080011f2        0x2 out/stm32f4xx_it.o
                0x080011f2                SVC_Handler
 .text.DebugMon_Handler
                0x080011f4        0x2 out/stm32f4xx_it.o
                0x080011f4                DebugMon_Handler
 .text.PendSV_Handler
                0x080011f6        0x2 out/stm32f4xx_it.o
                0x080011f6                PendSV_Handler
 .text.SysTick_Handler
                0x080011f8       0x50 out/stm32f4xx_it.o
                0x080011f8                SysTick_Handler
 .text.unlikely.Error_Handler
                0x08001248       0x1c out/main.o
 .text.Debug_ITMDebugEnable
                0x08001264       0x34 out/main.o
                0x08001264                Debug_ITMDebugEnable
 .text.Debug_ITMDebugOutputChar
                0x08001298       0x24 out/main.o
                0x08001298                Debug_ITMDebugOutputChar
 .text.Debug_ITMDebugOutputString
                0x080012bc       0x1c out/main.o
                0x080012bc                Debug_ITMDebugOutputString
 .text.startup.main
                0x080012d8      0x2dc out/main.o
                0x080012d8                main
 .text.eMBRegInputCB
                0x080015b4       0x38 out/main.o
                0x080015b4                eMBRegInputCB
 .text.eMBRegHoldingCB
                0x080015ec       0x78 out/main.o
                0x080015ec                eMBRegHoldingCB
 .text.eMBRegCoilsCB
                0x08001664       0xf0 out/main.o
                0x08001664                eMBRegCoilsCB
 .text.eMBRegDiscreteCB
                0x08001754        0x4 out/main.o
                0x08001754                eMBRegDiscreteCB
 .text.__io_putchar
                0x08001758        0xe out/main.o
                0x08001758                __io_putchar
 .text.__io_getchar
                0x08001766        0x6 out/main.o
                0x08001766                __io_getchar
 .text.assert_failed
                0x0800176c       0x14 out/main.o
                0x0800176c                assert_failed
 .text.HAL_TIM_Base_MspInit
                0x08001780       0x24 out/stm32f4xx_hal_msp.o
                0x08001780                HAL_TIM_Base_MspInit
 .text.HAL_UART_MspInit
                0x080017a4       0x68 out/stm32f4xx_hal_msp.o
                0x080017a4                HAL_UART_MspInit
 .text.HAL_I2C_MspInit
                0x0800180c       0xac out/stm32f4xx_hal_msp.o
                0x0800180c                HAL_I2C_MspInit
 .text.HAL_SRAM_MspInit
                0x080018b8       0x90 out/stm32f4xx_hal_msp.o
                0x080018b8                HAL_SRAM_MspInit
 .text.HAL_MspInit
                0x08001948        0x2 out/stm32f4xx_hal_msp.o
                0x08001948                HAL_MspInit
 .text._close   0x0800194a        0x6 out/newlib_stubs.o
                0x0800194a                _close
 .text._fstat   0x08001950        0xa out/newlib_stubs.o
                0x08001950                _fstat
 .text._getpid  0x0800195a        0x4 out/newlib_stubs.o
                0x0800195a                _getpid
 *fill*         0x0800195e        0x2 
 .text._isatty  0x08001960       0x18 out/newlib_stubs.o
                0x08001960                _isatty
 .text._kill    0x08001978       0x10 out/newlib_stubs.o
                0x08001978                _kill
 .text._lseek   0x08001988        0x4 out/newlib_stubs.o
                0x08001988                _lseek
 .text._read    0x0800198c       0x30 out/newlib_stubs.o
                0x0800198c                _read
 .text._write   0x080019bc       0x34 out/newlib_stubs.o
                0x080019bc                _write
 .text._exit    0x080019f0       0x14 out/newlib_stubs.o
                0x080019f0                _exit
 .text._sbrk    0x08001a04       0x48 out/newlib_stubs.o
                0x08001a04                _sbrk
 .text.xMBPortEventInit
                0x08001a4c       0x10 out/portevent.o
                0x08001a4c                xMBPortEventInit
 .text.xMBPortEventPost
                0x08001a5c       0x18 out/portevent.o
                0x08001a5c                xMBPortEventPost
 .text.xMBPortEventGet
                0x08001a74       0x20 out/portevent.o
                0x08001a74                xMBPortEventGet
 .text.vMBPortSerialEnable
                0x08001a94       0x68 out/portserial.o
                0x08001a94                vMBPortSerialEnable
 .text.xMBPortSerialInit
                0x08001afc        0x4 out/portserial.o
                0x08001afc                xMBPortSerialInit
 .text.xMBPortSerialPutByte
                0x08001b00       0x10 out/portserial.o
                0x08001b00                xMBPortSerialPutByte
 .text.xMBPortSerialGetByte
                0x08001b10       0x10 out/portserial.o
                0x08001b10                xMBPortSerialGetByte
 .text.HAL_UART_ErrorCallback
                0x08001b20       0x20 out/portserial.o
                0x08001b20                HAL_UART_ErrorCallback
 .text.USART1_IRQHandler
                0x08001b40      0x108 out/portserial.o
                0x08001b40                USART1_IRQHandler
 .text.xMBPortTimersInit
                0x08001c48        0x4 out/porttimer.o
                0x08001c48                xMBPortTimersInit
 .text.vMBPortTimersEnable
                0x08001c4c       0x20 out/porttimer.o
                0x08001c4c                vMBPortTimersEnable
 .text.vMBPortTimersDisable
                0x08001c6c        0xc out/porttimer.o
                0x08001c6c                vMBPortTimersDisable
 .text.TIM5_IRQHandler
                0x08001c78        0xc out/porttimer.o
                0x08001c78                TIM5_IRQHandler
 .text.HAL_TIM_PeriodElapsedCallback
                0x08001c84        0xc out/porttimer.o
                0x08001c84                HAL_TIM_PeriodElapsedCallback
 .text.EnterCriticalSection
                0x08001c90        0x4 out/port.o
                0x08001c90                EnterCriticalSection
 .text.ExitCriticalSection
                0x08001c94        0x4 out/port.o
                0x08001c94                ExitCriticalSection
 .text.eMBInit  0x08001c98       0xb8 out/mb.o
                0x08001c98                eMBInit
 .text.eMBEnable
                0x08001d50       0x24 out/mb.o
                0x08001d50                eMBEnable
 .text.eMBPoll  0x08001d74       0xfc out/mb.o
                0x08001d74                eMBPoll
 .text.eMBRTUInit
                0x08001e70       0x4c out/mbrtu.o
                0x08001e70                eMBRTUInit
 .text.eMBRTUStart
                0x08001ebc       0x24 out/mbrtu.o
                0x08001ebc                eMBRTUStart
 .text.eMBRTUStop
                0x08001ee0       0x1a out/mbrtu.o
                0x08001ee0                eMBRTUStop
 *fill*         0x08001efa        0x2 
 .text.eMBRTUReceive
                0x08001efc       0x74 out/mbrtu.o
                0x08001efc                eMBRTUReceive
 .text.eMBRTUSend
                0x08001f70       0x88 out/mbrtu.o
                0x08001f70                eMBRTUSend
 .text.xMBRTUReceiveFSM
                0x08001ff8       0x94 out/mbrtu.o
                0x08001ff8                xMBRTUReceiveFSM
 .text.xMBRTUTransmitFSM
                0x0800208c       0x8c out/mbrtu.o
                0x0800208c                xMBRTUTransmitFSM
 .text.xMBRTUTimerT35Expired
                0x08002118       0x60 out/mbrtu.o
                0x08002118                xMBRTUTimerT35Expired
 .text.usMBCRC16
                0x08002178       0x34 out/mbcrc.o
                0x08002178                usMBCRC16
 .text.xMBUtilSetBits
                0x080021ac       0x50 out/mbutils.o
                0x080021ac                xMBUtilSetBits
 .text.xMBUtilGetBits
                0x080021fc       0x22 out/mbutils.o
                0x080021fc                xMBUtilGetBits
 *fill*         0x0800221e        0x2 
 .text.prveMBError2Exception
                0x08002220       0x10 out/mbutils.o
                0x08002220                prveMBError2Exception
 .text.eMBFuncReadCoils
                0x08002230       0x6c out/mbfunccoils.o
                0x08002230                eMBFuncReadCoils
 .text.eMBFuncWriteCoil
                0x0800229c       0x4a out/mbfunccoils.o
                0x0800229c                eMBFuncWriteCoil
 .text.eMBFuncWriteMultipleCoils
                0x080022e6       0x58 out/mbfunccoils.o
                0x080022e6                eMBFuncWriteMultipleCoils
 *fill*         0x0800233e        0x2 
 .text.eMBFuncReportSlaveID
                0x08002340       0x24 out/mbfuncother.o
                0x08002340                eMBFuncReportSlaveID
 .text.eMBFuncReadDiscreteInputs
                0x08002364       0x6a out/mbfuncdisc.o
                0x08002364                eMBFuncReadDiscreteInputs
 .text.eMBFuncReadInputRegister
                0x080023ce       0x58 out/mbfuncinput.o
                0x080023ce                eMBFuncReadInputRegister
 .text.eMBFuncWriteHoldingRegister
                0x08002426       0x2e out/mbfuncholding.o
                0x08002426                eMBFuncWriteHoldingRegister
 .text.eMBFuncWriteMultipleHoldingRegister
                0x08002454       0x4a out/mbfuncholding.o
                0x08002454                eMBFuncWriteMultipleHoldingRegister
 .text.eMBFuncReadHoldingRegister
                0x0800249e       0x5a out/mbfuncholding.o
                0x0800249e                eMBFuncReadHoldingRegister
 .text.eMBFuncReadWriteMultipleHoldingRegister
                0x080024f8       0xa4 out/mbfuncholding.o
                0x080024f8                eMBFuncReadWriteMultipleHoldingRegister
 .text.HAL_RCC_OscConfig
                0x0800259c      0x404 out/stm32f4xx_hal_rcc.o
                0x0800259c                HAL_RCC_OscConfig
 .text.HAL_RCC_ClockConfig
                0x080029a0      0x2b0 out/stm32f4xx_hal_rcc.o
                0x080029a0                HAL_RCC_ClockConfig
 .text.HAL_RCC_GetSysClockFreq
                0x08002c50       0x84 out/stm32f4xx_hal_rcc.o
                0x08002c50                HAL_RCC_GetSysClockFreq
 .text.HAL_RCC_GetHCLKFreq
                0x08002cd4       0x38 out/stm32f4xx_hal_rcc.o
                0x08002cd4                HAL_RCC_GetHCLKFreq
 .text.HAL_RCC_GetPCLK1Freq
                0x08002d0c       0x30 out/stm32f4xx_hal_rcc.o
                0x08002d0c                HAL_RCC_GetPCLK1Freq
 .text.HAL_RCC_GetPCLK2Freq
                0x08002d3c       0x30 out/stm32f4xx_hal_rcc.o
                0x08002d3c                HAL_RCC_GetPCLK2Freq
 .text.HAL_RCC_GetClockConfig
                0x08002d6c       0x3c out/stm32f4xx_hal_rcc.o
                0x08002d6c                HAL_RCC_GetClockConfig
 .text.HAL_I2C_Init
                0x08002da8      0x198 out/stm32f4xx_hal_i2c.o
                0x08002da8                HAL_I2C_Init
 .text.HAL_NVIC_SetPriorityGrouping
                0x08002f40       0x38 out/stm32f4xx_hal_cortex.o
                0x08002f40                HAL_NVIC_SetPriorityGrouping
 .text.HAL_NVIC_SetPriority
                0x08002f78       0x84 out/stm32f4xx_hal_cortex.o
                0x08002f78                HAL_NVIC_SetPriority
 .text.HAL_NVIC_EnableIRQ
                0x08002ffc       0x28 out/stm32f4xx_hal_cortex.o
                0x08002ffc                HAL_NVIC_EnableIRQ
 .text.HAL_SYSTICK_Config
                0x08003024       0x2c out/stm32f4xx_hal_cortex.o
                0x08003024                HAL_SYSTICK_Config
 .text.UART_SetConfig
                0x08003050      0x1a0 out/stm32f4xx_hal_uart.o
 .text.HAL_UART_Init
                0x080031f0       0xf4 out/stm32f4xx_hal_uart.o
                0x080031f0                HAL_UART_Init
 .text.FSMC_NORSRAM_Init
                0x080032e4      0x134 out/stm32f4xx_ll_fsmc.o
                0x080032e4                FSMC_NORSRAM_Init
 .text.FSMC_NORSRAM_Timing_Init
                0x08003418       0xb4 out/stm32f4xx_ll_fsmc.o
                0x08003418                FSMC_NORSRAM_Timing_Init
 .text.FSMC_NORSRAM_Extended_Timing_Init
                0x080034cc       0xcc out/stm32f4xx_ll_fsmc.o
                0x080034cc                FSMC_NORSRAM_Extended_Timing_Init
 .text.HAL_SRAM_Init
                0x08003598       0x4c out/stm32f4xx_hal_sram.o
                0x08003598                HAL_SRAM_Init
 .text.HAL_TIMEx_CommutationCallback
                0x080035e4        0x2 out/stm32f4xx_hal_tim_ex.o
                0x080035e4                HAL_TIMEx_CommutationCallback
 .text.HAL_TIMEx_BreakCallback
                0x080035e6        0x2 out/stm32f4xx_hal_tim_ex.o
                0x080035e6                HAL_TIMEx_BreakCallback
 .text.HAL_TIM_Base_Start_IT
                0x080035e8       0x9c out/stm32f4xx_hal_tim.o
                0x080035e8                HAL_TIM_Base_Start_IT
 .text.HAL_TIM_Base_Stop_IT
                0x08003684       0xb0 out/stm32f4xx_hal_tim.o
                0x08003684                HAL_TIM_Base_Stop_IT
 .text.HAL_TIM_OC_DelayElapsedCallback
                0x08003734        0x2 out/stm32f4xx_hal_tim.o
                0x08003734                HAL_TIM_OC_DelayElapsedCallback
 .text.HAL_TIM_IC_CaptureCallback
                0x08003736        0x2 out/stm32f4xx_hal_tim.o
                0x08003736                HAL_TIM_IC_CaptureCallback
 .text.HAL_TIM_PWM_PulseFinishedCallback
                0x08003738        0x2 out/stm32f4xx_hal_tim.o
                0x08003738                HAL_TIM_PWM_PulseFinishedCallback
 .text.HAL_TIM_TriggerCallback
                0x0800373a        0x2 out/stm32f4xx_hal_tim.o
                0x0800373a                HAL_TIM_TriggerCallback
 .text.HAL_TIM_IRQHandler
                0x0800373c      0x144 out/stm32f4xx_hal_tim.o
                0x0800373c                HAL_TIM_IRQHandler
 .text.TIM_Base_SetConfig
                0x08003880       0xc8 out/stm32f4xx_hal_tim.o
                0x08003880                TIM_Base_SetConfig
 .text.HAL_TIM_Base_Init
                0x08003948       0xe0 out/stm32f4xx_hal_tim.o
                0x08003948                HAL_TIM_Base_Init
 .text.HAL_GPIO_Init
                0x08003a28      0x264 out/stm32f4xx_hal_gpio.o
                0x08003a28                HAL_GPIO_Init
 .text.HAL_GPIO_WritePin
                0x08003c8c       0x30 out/stm32f4xx_hal_gpio.o
                0x08003c8c                HAL_GPIO_WritePin
 .text.HAL_GPIO_TogglePin
                0x08003cbc       0x20 out/stm32f4xx_hal_gpio.o
                0x08003cbc                HAL_GPIO_TogglePin
 .text.HAL_InitTick
                0x08003cdc       0x24 out/stm32f4xx_hal.o
                0x08003cdc                HAL_InitTick
 .text.HAL_Init
                0x08003d00       0x2c out/stm32f4xx_hal.o
                0x08003d00                HAL_Init
 .text.HAL_IncTick
                0x08003d2c       0x10 out/stm32f4xx_hal.o
                0x08003d2c                HAL_IncTick
 .text.HAL_GetTick
                0x08003d3c        0xc out/stm32f4xx_hal.o
                0x08003d3c                HAL_GetTick
 .text.HAL_GetREVID
                0x08003d48        0xc out/stm32f4xx_hal.o
                0x08003d48                HAL_GetREVID
 .text.__assert_func
                0x08003d54       0x3c c:/program files/gcc-arm-none-eabi-4_9-2014/bin/../lib/gcc/arm-none-eabi/4.9.3/../../../../arm-none-eabi/lib/armv7e-m\libg.a(lib_a-assert.o)
                0x08003d54                __assert_func
 .text.fiprintf
                0x08003d90       0x28 c:/program files/gcc-arm-none-eabi-4_9-2014/bin/../lib/gcc/arm-none-eabi/4.9.3/../../../../arm-none-eabi/lib/armv7e-m\libg.a(lib_a-fiprintf.o)
                0x08003d90                fiprintf
 .text.printf   0x08003db8       0x28 c:/program files/gcc-arm-none-eabi-4_9-2014/bin/../lib/gcc/arm-none-eabi/4.9.3/../../../../arm-none-eabi/lib/armv7e-m\libg.a(lib_a-printf.o)
                0x08003db8                printf
 .text._puts_r  0x08003de0       0x5c c:/program files/gcc-arm-none-eabi-4_9-2014/bin/../lib/gcc/arm-none-eabi/4.9.3/../../../../arm-none-eabi/lib/armv7e-m\libg.a(lib_a-puts.o)
                0x08003de0                _puts_r
 .text.puts     0x08003e3c       0x10 c:/program files/gcc-arm-none-eabi-4_9-2014/bin/../lib/gcc/arm-none-eabi/4.9.3/../../../../arm-none-eabi/lib/armv7e-m\libg.a(lib_a-puts.o)
                0x08003e3c                puts
 .text.strlen   0x08003e4c       0x5c c:/program files/gcc-arm-none-eabi-4_9-2014/bin/../lib/gcc/arm-none-eabi/4.9.3/../../../../arm-none-eabi/lib/armv7e-m\libg.a(lib_a-strlen.o)
                0x08003e4c                strlen
 .text.__sprint_r.part.0
                0x08003ea8       0x78 c:/program files/gcc-arm-none-eabi-4_9-2014/bin/../lib/gcc/arm-none-eabi/4.9.3/../../../../arm-none-eabi/lib/armv7e-m\libg.a(lib_a-vfiprintf.o)
 .text.__sprint_r
                0x08003f20       0x18 c:/program files/gcc-arm-none-eabi-4_9-2014/bin/../lib/gcc/arm-none-eabi/4.9.3/../../../../arm-none-eabi/lib/armv7e-m\libg.a(lib_a-vfiprintf.o)
                0x08003f20                __sprint_r
 .text._vfiprintf_r
                0x08003f38      0xc04 c:/program files/gcc-arm-none-eabi-4_9-2014/bin/../lib/gcc/arm-none-eabi/4.9.3/../../../../arm-none-eabi/lib/armv7e-m\libg.a(lib_a-vfiprintf.o)
                0x08003f38                _vfiprintf_r
 .text.__sbprintf
                0x08004b3c       0x78 c:/program files/gcc-arm-none-eabi-4_9-2014/bin/../lib/gcc/arm-none-eabi/4.9.3/../../../../arm-none-eabi/lib/armv7e-m\libg.a(lib_a-vfiprintf.o)
 .text._vfprintf_r
                0x08004bb4     0x13e8 c:/program files/gcc-arm-none-eabi-4_9-2014/bin/../lib/gcc/arm-none-eabi/4.9.3/../../../../arm-none-eabi/lib/armv7e-m\libg.a(lib_a-vfprintf.o)
                0x08004bb4                _vfprintf_r
 .text.__sbprintf
                0x08005f9c       0x78 c:/program files/gcc-arm-none-eabi-4_9-2014/bin/../lib/gcc/arm-none-eabi/4.9.3/../../../../arm-none-eabi/lib/armv7e-m\libg.a(lib_a-vfprintf.o)
 .text.__swsetup_r
                0x08006014       0xc4 c:/program files/gcc-arm-none-eabi-4_9-2014/bin/../lib/gcc/arm-none-eabi/4.9.3/../../../../arm-none-eabi/lib/armv7e-m\libg.a(lib_a-wsetup.o)
                0x08006014                __swsetup_r
 .text.abort    0x080060d8       0x10 c:/program files/gcc-arm-none-eabi-4_9-2014/bin/../lib/gcc/arm-none-eabi/4.9.3/../../../../arm-none-eabi/lib/armv7e-m\libg.a(lib_a-abort.o)
                0x080060d8                abort
 .text.quorem   0x080060e8      0x12c c:/program files/gcc-arm-none-eabi-4_9-2014/bin/../lib/gcc/arm-none-eabi/4.9.3/../../../../arm-none-eabi/lib/armv7e-m\libg.a(lib_a-dtoa.o)
 *fill*         0x08006214        0x4 
 .text._dtoa_r  0x08006218      0xe98 c:/program files/gcc-arm-none-eabi-4_9-2014/bin/../lib/gcc/arm-none-eabi/4.9.3/../../../../arm-none-eabi/lib/armv7e-m\libg.a(lib_a-dtoa.o)
                0x08006218                _dtoa_r
 .text.__sflush_r
                0x080070b0      0x154 c:/program files/gcc-arm-none-eabi-4_9-2014/bin/../lib/gcc/arm-none-eabi/4.9.3/../../../../arm-none-eabi/lib/armv7e-m\libg.a(lib_a-fflush.o)
                0x080070b0                __sflush_r
 .text._fflush_r
                0x08007204       0x2c c:/program files/gcc-arm-none-eabi-4_9-2014/bin/../lib/gcc/arm-none-eabi/4.9.3/../../../../arm-none-eabi/lib/armv7e-m\libg.a(lib_a-fflush.o)
                0x08007204                _fflush_r
 .text._cleanup_r
                0x08007230        0xc c:/program files/gcc-arm-none-eabi-4_9-2014/bin/../lib/gcc/arm-none-eabi/4.9.3/../../../../arm-none-eabi/lib/armv7e-m\libg.a(lib_a-findfp.o)
                0x08007230                _cleanup_r
 .text.__sinit.part.1
                0x0800723c       0xf0 c:/program files/gcc-arm-none-eabi-4_9-2014/bin/../lib/gcc/arm-none-eabi/4.9.3/../../../../arm-none-eabi/lib/armv7e-m\libg.a(lib_a-findfp.o)
 .text.__sinit  0x0800732c        0xc c:/program files/gcc-arm-none-eabi-4_9-2014/bin/../lib/gcc/arm-none-eabi/4.9.3/../../../../arm-none-eabi/lib/armv7e-m\libg.a(lib_a-findfp.o)
                0x0800732c                __sinit
 .text.__sfp_lock_acquire
                0x08007338        0x4 c:/program files/gcc-arm-none-eabi-4_9-2014/bin/../lib/gcc/arm-none-eabi/4.9.3/../../../../arm-none-eabi/lib/armv7e-m\libg.a(lib_a-findfp.o)
                0x08007338                __sfp_lock_acquire
 .text.__sfp_lock_release
                0x0800733c        0x4 c:/program files/gcc-arm-none-eabi-4_9-2014/bin/../lib/gcc/arm-none-eabi/4.9.3/../../../../arm-none-eabi/lib/armv7e-m\libg.a(lib_a-findfp.o)
                0x0800733c                __sfp_lock_release
 .text._fputwc_r
                0x08007340       0xc4 c:/program files/gcc-arm-none-eabi-4_9-2014/bin/../lib/gcc/arm-none-eabi/4.9.3/../../../../arm-none-eabi/lib/armv7e-m\libg.a(lib_a-fputwc.o)
                0x08007340                _fputwc_r
 .text._malloc_trim_r
                0x08007404       0x9c c:/program files/gcc-arm-none-eabi-4_9-2014/bin/../lib/gcc/arm-none-eabi/4.9.3/../../../../arm-none-eabi/lib/armv7e-m\libg.a(lib_a-freer.o)
                0x08007404                _malloc_trim_r
 .text._free_r  0x080074a0      0x1b0 c:/program files/gcc-arm-none-eabi-4_9-2014/bin/../lib/gcc/arm-none-eabi/4.9.3/../../../../arm-none-eabi/lib/armv7e-m\libg.a(lib_a-freer.o)
                0x080074a0                _free_r
 .text.__sfvwrite_r
                0x08007650      0x318 c:/program files/gcc-arm-none-eabi-4_9-2014/bin/../lib/gcc/arm-none-eabi/4.9.3/../../../../arm-none-eabi/lib/armv7e-m\libg.a(lib_a-fvwrite.o)
                0x08007650                __sfvwrite_r
 .text._fwalk_reent
                0x08007968       0x54 c:/program files/gcc-arm-none-eabi-4_9-2014/bin/../lib/gcc/arm-none-eabi/4.9.3/../../../../arm-none-eabi/lib/armv7e-m\libg.a(lib_a-fwalk.o)
                0x08007968                _fwalk_reent
 .text.__locale_charset
                0x080079bc        0x8 c:/program files/gcc-arm-none-eabi-4_9-2014/bin/../lib/gcc/arm-none-eabi/4.9.3/../../../../arm-none-eabi/lib/armv7e-m\libg.a(lib_a-locale.o)
                0x080079bc                __locale_charset
 .text.__locale_mb_cur_max
                0x080079c4        0xc c:/program files/gcc-arm-none-eabi-4_9-2014/bin/../lib/gcc/arm-none-eabi/4.9.3/../../../../arm-none-eabi/lib/armv7e-m\libg.a(lib_a-locale.o)
                0x080079c4                __locale_mb_cur_max
 .text._localeconv_r
                0x080079d0        0x8 c:/program files/gcc-arm-none-eabi-4_9-2014/bin/../lib/gcc/arm-none-eabi/4.9.3/../../../../arm-none-eabi/lib/armv7e-m\libg.a(lib_a-locale.o)
                0x080079d0                _localeconv_r
 .text.__smakebuf_r
                0x080079d8       0xe0 c:/program files/gcc-arm-none-eabi-4_9-2014/bin/../lib/gcc/arm-none-eabi/4.9.3/../../../../arm-none-eabi/lib/armv7e-m\libg.a(lib_a-makebuf.o)
                0x080079d8                __smakebuf_r
 .text._malloc_r
                0x08007ab8      0x51c c:/program files/gcc-arm-none-eabi-4_9-2014/bin/../lib/gcc/arm-none-eabi/4.9.3/../../../../arm-none-eabi/lib/armv7e-m\libg.a(lib_a-mallocr.o)
                0x08007ab8                _malloc_r
 .text.memchr   0x08007fd4       0x94 c:/program files/gcc-arm-none-eabi-4_9-2014/bin/../lib/gcc/arm-none-eabi/4.9.3/../../../../arm-none-eabi/lib/armv7e-m\libg.a(lib_a-memchr.o)
                0x08007fd4                memchr
 .text.memmove  0x08008068       0xc8 c:/program files/gcc-arm-none-eabi-4_9-2014/bin/../lib/gcc/arm-none-eabi/4.9.3/../../../../arm-none-eabi/lib/armv7e-m\libg.a(lib_a-memmove.o)
                0x08008068                memmove
 .text.memset   0x08008130       0x9c c:/program files/gcc-arm-none-eabi-4_9-2014/bin/../lib/gcc/arm-none-eabi/4.9.3/../../../../arm-none-eabi/lib/armv7e-m\libg.a(lib_a-memset.o)
                0x08008130                memset
 .text.__malloc_lock
                0x080081cc        0x4 c:/program files/gcc-arm-none-eabi-4_9-2014/bin/../lib/gcc/arm-none-eabi/4.9.3/../../../../arm-none-eabi/lib/armv7e-m\libg.a(lib_a-mlock.o)
                0x080081cc                __malloc_lock
 .text.__malloc_unlock
                0x080081d0        0x4 c:/program files/gcc-arm-none-eabi-4_9-2014/bin/../lib/gcc/arm-none-eabi/4.9.3/../../../../arm-none-eabi/lib/armv7e-m\libg.a(lib_a-mlock.o)
                0x080081d0                __malloc_unlock
 .text._Balloc  0x080081d4       0x4c c:/program files/gcc-arm-none-eabi-4_9-2014/bin/../lib/gcc/arm-none-eabi/4.9.3/../../../../arm-none-eabi/lib/armv7e-m\libg.a(lib_a-mprec.o)
                0x080081d4                _Balloc
 .text._Bfree   0x08008220       0x14 c:/program files/gcc-arm-none-eabi-4_9-2014/bin/../lib/gcc/arm-none-eabi/4.9.3/../../../../arm-none-eabi/lib/armv7e-m\libg.a(lib_a-mprec.o)
                0x08008220                _Bfree
 .text.__multadd
                0x08008234       0x84 c:/program files/gcc-arm-none-eabi-4_9-2014/bin/../lib/gcc/arm-none-eabi/4.9.3/../../../../arm-none-eabi/lib/armv7e-m\libg.a(lib_a-mprec.o)
                0x08008234                __multadd
 .text.__hi0bits
                0x080082b8       0x40 c:/program files/gcc-arm-none-eabi-4_9-2014/bin/../lib/gcc/arm-none-eabi/4.9.3/../../../../arm-none-eabi/lib/armv7e-m\libg.a(lib_a-mprec.o)
                0x080082b8                __hi0bits
 .text.__lo0bits
                0x080082f8       0x5c c:/program files/gcc-arm-none-eabi-4_9-2014/bin/../lib/gcc/arm-none-eabi/4.9.3/../../../../arm-none-eabi/lib/armv7e-m\libg.a(lib_a-mprec.o)
                0x080082f8                __lo0bits
 .text.__i2b    0x08008354       0x14 c:/program files/gcc-arm-none-eabi-4_9-2014/bin/../lib/gcc/arm-none-eabi/4.9.3/../../../../arm-none-eabi/lib/armv7e-m\libg.a(lib_a-mprec.o)
                0x08008354                __i2b
 .text.__multiply
                0x08008368      0x134 c:/program files/gcc-arm-none-eabi-4_9-2014/bin/../lib/gcc/arm-none-eabi/4.9.3/../../../../arm-none-eabi/lib/armv7e-m\libg.a(lib_a-mprec.o)
                0x08008368                __multiply
 .text.__pow5mult
                0x0800849c       0xa0 c:/program files/gcc-arm-none-eabi-4_9-2014/bin/../lib/gcc/arm-none-eabi/4.9.3/../../../../arm-none-eabi/lib/armv7e-m\libg.a(lib_a-mprec.o)
                0x0800849c                __pow5mult
 .text.__lshift
                0x0800853c       0xac c:/program files/gcc-arm-none-eabi-4_9-2014/bin/../lib/gcc/arm-none-eabi/4.9.3/../../../../arm-none-eabi/lib/armv7e-m\libg.a(lib_a-mprec.o)
                0x0800853c                __lshift
 .text.__mcmp   0x080085e8       0x48 c:/program files/gcc-arm-none-eabi-4_9-2014/bin/../lib/gcc/arm-none-eabi/4.9.3/../../../../arm-none-eabi/lib/armv7e-m\libg.a(lib_a-mprec.o)
                0x080085e8                __mcmp
 .text.__mdiff  0x08008630       0xd4 c:/program files/gcc-arm-none-eabi-4_9-2014/bin/../lib/gcc/arm-none-eabi/4.9.3/../../../../arm-none-eabi/lib/armv7e-m\libg.a(lib_a-mprec.o)
                0x08008630                __mdiff
 .text.__d2b    0x08008704       0xb8 c:/program files/gcc-arm-none-eabi-4_9-2014/bin/../lib/gcc/arm-none-eabi/4.9.3/../../../../arm-none-eabi/lib/armv7e-m\libg.a(lib_a-mprec.o)
                0x08008704                __d2b
 .text._realloc_r
                0x080087bc      0x3ec c:/program files/gcc-arm-none-eabi-4_9-2014/bin/../lib/gcc/arm-none-eabi/4.9.3/../../../../arm-none-eabi/lib/armv7e-m\libg.a(lib_a-reallocr.o)
                0x080087bc                _realloc_r
 .text.__fpclassifyd
                0x08008ba8       0x58 c:/program files/gcc-arm-none-eabi-4_9-2014/bin/../lib/gcc/arm-none-eabi/4.9.3/../../../../arm-none-eabi/lib/armv7e-m\libg.a(lib_a-s_fpclassify.o)
                0x08008ba8                __fpclassifyd
 .text._sbrk_r  0x08008c00       0x24 c:/program files/gcc-arm-none-eabi-4_9-2014/bin/../lib/gcc/arm-none-eabi/4.9.3/../../../../arm-none-eabi/lib/armv7e-m\libg.a(lib_a-sbrkr.o)
                0x08008c00                _sbrk_r
 .text._raise_r
                0x08008c24       0x58 c:/program files/gcc-arm-none-eabi-4_9-2014/bin/../lib/gcc/arm-none-eabi/4.9.3/../../../../arm-none-eabi/lib/armv7e-m\libg.a(lib_a-signal.o)
                0x08008c24                _raise_r
 .text.raise    0x08008c7c       0x10 c:/program files/gcc-arm-none-eabi-4_9-2014/bin/../lib/gcc/arm-none-eabi/4.9.3/../../../../arm-none-eabi/lib/armv7e-m\libg.a(lib_a-signal.o)
                0x08008c7c                raise
 .text._kill_r  0x08008c8c       0x28 c:/program files/gcc-arm-none-eabi-4_9-2014/bin/../lib/gcc/arm-none-eabi/4.9.3/../../../../arm-none-eabi/lib/armv7e-m\libg.a(lib_a-signalr.o)
                0x08008c8c                _kill_r
 .text._getpid_r
                0x08008cb4        0x4 c:/program files/gcc-arm-none-eabi-4_9-2014/bin/../lib/gcc/arm-none-eabi/4.9.3/../../../../arm-none-eabi/lib/armv7e-m\libg.a(lib_a-signalr.o)
                0x08008cb4                _getpid_r
 .text.__sread  0x08008cb8       0x24 c:/program files/gcc-arm-none-eabi-4_9-2014/bin/../lib/gcc/arm-none-eabi/4.9.3/../../../../arm-none-eabi/lib/armv7e-m\libg.a(lib_a-stdio.o)
                0x08008cb8                __sread
 .text.__swrite
                0x08008cdc       0x38 c:/program files/gcc-arm-none-eabi-4_9-2014/bin/../lib/gcc/arm-none-eabi/4.9.3/../../../../arm-none-eabi/lib/armv7e-m\libg.a(lib_a-stdio.o)
                0x08008cdc                __swrite
 .text.__sseek  0x08008d14       0x20 c:/program files/gcc-arm-none-eabi-4_9-2014/bin/../lib/gcc/arm-none-eabi/4.9.3/../../../../arm-none-eabi/lib/armv7e-m\libg.a(lib_a-stdio.o)
                0x08008d14                __sseek
 .text.__sclose
                0x08008d34        0x8 c:/program files/gcc-arm-none-eabi-4_9-2014/bin/../lib/gcc/arm-none-eabi/4.9.3/../../../../arm-none-eabi/lib/armv7e-m\libg.a(lib_a-stdio.o)
                0x08008d34                __sclose
 .text.__swbuf_r
                0x08008d3c       0xa8 c:/program files/gcc-arm-none-eabi-4_9-2014/bin/../lib/gcc/arm-none-eabi/4.9.3/../../../../arm-none-eabi/lib/armv7e-m\libg.a(lib_a-wbuf.o)
                0x08008d3c                __swbuf_r
 .text._wcrtomb_r
                0x08008de4       0x54 c:/program files/gcc-arm-none-eabi-4_9-2014/bin/../lib/gcc/arm-none-eabi/4.9.3/../../../../arm-none-eabi/lib/armv7e-m\libg.a(lib_a-wcrtomb.o)
                0x08008de4                _wcrtomb_r
 .text.__ascii_wctomb
                0x08008e38       0x1c c:/program files/gcc-arm-none-eabi-4_9-2014/bin/../lib/gcc/arm-none-eabi/4.9.3/../../../../arm-none-eabi/lib/armv7e-m\libg.a(lib_a-wctomb_r.o)
                0x08008e38                __ascii_wctomb
 .text._write_r
                0x08008e54       0x28 c:/program files/gcc-arm-none-eabi-4_9-2014/bin/../lib/gcc/arm-none-eabi/4.9.3/../../../../arm-none-eabi/lib/armv7e-m\libg.a(lib_a-writer.o)
                0x08008e54                _write_r
 .text._calloc_r
                0x08008e7c       0x60 c:/program files/gcc-arm-none-eabi-4_9-2014/bin/../lib/gcc/arm-none-eabi/4.9.3/../../../../arm-none-eabi/lib/armv7e-m\libg.a(lib_a-callocr.o)
                0x08008e7c                _calloc_r
 .text._close_r
                0x08008edc       0x24 c:/program files/gcc-arm-none-eabi-4_9-2014/bin/../lib/gcc/arm-none-eabi/4.9.3/../../../../arm-none-eabi/lib/armv7e-m\libg.a(lib_a-closer.o)
                0x08008edc                _close_r
 .text._fclose_r
                0x08008f00       0x84 c:/program files/gcc-arm-none-eabi-4_9-2014/bin/../lib/gcc/arm-none-eabi/4.9.3/../../../../arm-none-eabi/lib/armv7e-m\libg.a(lib_a-fclose.o)
                0x08008f00                _fclose_r
 .text._fstat_r
                0x08008f84       0x28 c:/program files/gcc-arm-none-eabi-4_9-2014/bin/../lib/gcc/arm-none-eabi/4.9.3/../../../../arm-none-eabi/lib/armv7e-m\libg.a(lib_a-fstatr.o)
                0x08008f84                _fstat_r
 .text._isatty_r
                0x08008fac       0x24 c:/program files/gcc-arm-none-eabi-4_9-2014/bin/../lib/gcc/arm-none-eabi/4.9.3/../../../../arm-none-eabi/lib/armv7e-m\libg.a(lib_a-isattyr.o)
                0x08008fac                _isatty_r
 .text._lseek_r
                0x08008fd0       0x28 c:/program files/gcc-arm-none-eabi-4_9-2014/bin/../lib/gcc/arm-none-eabi/4.9.3/../../../../arm-none-eabi/lib/armv7e-m\libg.a(lib_a-lseekr.o)
                0x08008fd0                _lseek_r
 .text._read_r  0x08008ff8       0x28 c:/program files/gcc-arm-none-eabi-4_9-2014/bin/../lib/gcc/arm-none-eabi/4.9.3/../../../../arm-none-eabi/lib/armv7e-m\libg.a(lib_a-readr.o)
                0x08008ff8                _read_r
 *(.glue_7)
 .glue_7        0x00000000        0x0 linker stubs
 *(.glue_7t)
 .glue_7t       0x00000000        0x0 linker stubs
 *(.eh_frame)
 *(.init)
 *(.fini)
                0x08009020                . = ALIGN (0x4)
                0x08009020                _etext = .

.vfp11_veneer   0x08009020        0x0
 .vfp11_veneer  0x00000000        0x0 linker stubs

.v4_bx          0x08009020        0x0
 .v4_bx         0x00000000        0x0 linker stubs

.iplt           0x08009020        0x0
 .iplt          0x00000000        0x0 out/startup_stm32f411xe.o

.rodata         0x08009020      0x8ec
                0x08009020                . = ALIGN (0x4)
 *(.rodata)
 *(.rodata*)
 .rodata.str1.1
                0x08009020       0xdb out/main.o
                                 0xe1 (size before relaxing)
 .rodata.str1.1
                0x080090fb       0x1f out/newlib_stubs.o
 .rodata.str1.1
                0x0800911a       0x62 out/portserial.o
 .rodata.str1.1
                0x0800917c       0x14 out/mb.o
 .rodata.str1.1
                0x08009190       0xd1 out/mbrtu.o
 .rodata.__FUNCTION__.5130
                0x08009261       0x12 out/mbrtu.o
 .rodata.__FUNCTION__.5107
                0x08009273        0xe out/mbrtu.o
 .rodata.__FUNCTION__.5120
                0x08009281       0x11 out/mbrtu.o
 .rodata.__FUNCTION__.5143
                0x08009292       0x16 out/mbrtu.o
 .rodata.aucCRCLo
                0x080092a8      0x100 out/mbcrc.o
 .rodata.aucCRCHi
                0x080093a8      0x100 out/mbcrc.o
 .rodata.CSWTCH.7
                0x080094a8        0x8 out/mbutils.o
 .rodata.str1.1
                0x080094b0       0x28 out/mbutils.o
 .rodata.__FUNCTION__.5039
                0x080094d8        0xf out/mbutils.o
 .rodata.APBAHBPrescTable
                0x080094e7       0x10 out/stm32f4xx_hal_rcc.o
                0x080094e7                APBAHBPrescTable
 .rodata.str1.1
                0x080094f7       0x4f out/stm32f4xx_hal_rcc.o
 .rodata.str1.1
                0x08009546       0x4f out/stm32f4xx_hal_i2c.o
 .rodata.str1.1
                0x08009595       0x52 out/stm32f4xx_hal_cortex.o
 .rodata.str1.1
                0x080095e7       0x50 out/stm32f4xx_hal_uart.o
 .rodata.str1.1
                0x08009637       0x4f out/stm32f4xx_ll_fsmc.o
 .rodata.str1.1
                0x08009686       0x4f out/stm32f4xx_hal_tim.o
 .rodata.str1.1
                0x080096d5       0x50 out/stm32f4xx_hal_gpio.o
 *fill*         0x08009725        0x3 
 .rodata.str1.4
                0x08009728       0x3f c:/program files/gcc-arm-none-eabi-4_9-2014/bin/../lib/gcc/arm-none-eabi/4.9.3/../../../../arm-none-eabi/lib/armv7e-m\libg.a(lib_a-assert.o)
                                 0x44 (size before relaxing)
 *fill*         0x08009767        0x1 
 .rodata.str1.4
                0x08009768        0x2 c:/program files/gcc-arm-none-eabi-4_9-2014/bin/../lib/gcc/arm-none-eabi/4.9.3/../../../../arm-none-eabi/lib/armv7e-m\libg.a(lib_a-impure.o)
                                  0x4 (size before relaxing)
 *fill*         0x0800976a        0x2 
 .rodata.str1.4
                0x0800976c        0x2 c:/program files/gcc-arm-none-eabi-4_9-2014/bin/../lib/gcc/arm-none-eabi/4.9.3/../../../../arm-none-eabi/lib/armv7e-m\libg.a(lib_a-puts.o)
                                  0x4 (size before relaxing)
 *fill*         0x0800976e        0x2 
 .rodata.zeroes.6753
                0x08009770       0x10 c:/program files/gcc-arm-none-eabi-4_9-2014/bin/../lib/gcc/arm-none-eabi/4.9.3/../../../../arm-none-eabi/lib/armv7e-m\libg.a(lib_a-vfiprintf.o)
 .rodata.blanks.6752
                0x08009780       0x10 c:/program files/gcc-arm-none-eabi-4_9-2014/bin/../lib/gcc/arm-none-eabi/4.9.3/../../../../arm-none-eabi/lib/armv7e-m\libg.a(lib_a-vfiprintf.o)
 .rodata.str1.4
                0x08009790       0x2f c:/program files/gcc-arm-none-eabi-4_9-2014/bin/../lib/gcc/arm-none-eabi/4.9.3/../../../../arm-none-eabi/lib/armv7e-m\libg.a(lib_a-vfiprintf.o)
                                 0x30 (size before relaxing)
 *fill*         0x080097bf        0x1 
 .rodata.zeroes.6810
                0x080097c0       0x10 c:/program files/gcc-arm-none-eabi-4_9-2014/bin/../lib/gcc/arm-none-eabi/4.9.3/../../../../arm-none-eabi/lib/armv7e-m\libg.a(lib_a-vfprintf.o)
 .rodata.str1.4
                0x080097d0       0x12 c:/program files/gcc-arm-none-eabi-4_9-2014/bin/../lib/gcc/arm-none-eabi/4.9.3/../../../../arm-none-eabi/lib/armv7e-m\libg.a(lib_a-vfprintf.o)
                                 0x44 (size before relaxing)
 *fill*         0x080097e2        0x2 
 .rodata.blanks.6809
                0x080097e4       0x10 c:/program files/gcc-arm-none-eabi-4_9-2014/bin/../lib/gcc/arm-none-eabi/4.9.3/../../../../arm-none-eabi/lib/armv7e-m\libg.a(lib_a-vfprintf.o)
 .rodata.str1.4
                0x080097f4       0x10 c:/program files/gcc-arm-none-eabi-4_9-2014/bin/../lib/gcc/arm-none-eabi/4.9.3/../../../../arm-none-eabi/lib/armv7e-m\libg.a(lib_a-dtoa.o)
                                 0x14 (size before relaxing)
 .rodata.str1.4
                0x08009804        0xc c:/program files/gcc-arm-none-eabi-4_9-2014/bin/../lib/gcc/arm-none-eabi/4.9.3/../../../../arm-none-eabi/lib/armv7e-m\libg.a(lib_a-locale.o)
                                 0x14 (size before relaxing)
 .rodata.__mprec_tens
                0x08009810       0xc8 c:/program files/gcc-arm-none-eabi-4_9-2014/bin/../lib/gcc/arm-none-eabi/4.9.3/../../../../arm-none-eabi/lib/armv7e-m\libg.a(lib_a-mprec.o)
                0x08009810                __mprec_tens
 .rodata.__mprec_bigtens
                0x080098d8       0x28 c:/program files/gcc-arm-none-eabi-4_9-2014/bin/../lib/gcc/arm-none-eabi/4.9.3/../../../../arm-none-eabi/lib/armv7e-m\libg.a(lib_a-mprec.o)
                0x080098d8                __mprec_bigtens
 .rodata.p05.5265
                0x08009900        0xc c:/program files/gcc-arm-none-eabi-4_9-2014/bin/../lib/gcc/arm-none-eabi/4.9.3/../../../../arm-none-eabi/lib/armv7e-m\libg.a(lib_a-mprec.o)
                0x0800990c                . = ALIGN (0x4)

.ARM.extab
 *(.ARM.extab* .gnu.linkonce.armextab.*)

.ARM            0x0800990c        0x8
                0x0800990c                __exidx_start = .
 *(.ARM.exidx*)
 .ARM.exidx     0x0800990c        0x8 c:/program files/gcc-arm-none-eabi-4_9-2014/bin/../lib/gcc/arm-none-eabi/4.9.3/armv7e-m\libgcc.a(_divdi3.o)
 .ARM.exidx     0x08009914        0x0 c:/program files/gcc-arm-none-eabi-4_9-2014/bin/../lib/gcc/arm-none-eabi/4.9.3/armv7e-m\libgcc.a(_udivdi3.o)
                                  0x8 (size before relaxing)
                0x08009914                __exidx_end = .

.rel.dyn        0x08009914        0x0
 .rel.iplt      0x00000000        0x0 out/startup_stm32f411xe.o

.preinit_array  0x08009914        0x0
                0x08009914                PROVIDE (__preinit_array_start, .)
 *(.preinit_array*)
                0x08009914                PROVIDE (__preinit_array_end, .)

.init_array     0x08009914        0x0
                0x08009914                PROVIDE (__init_array_start, .)
 *(SORT(.init_array.*))
 *(.init_array*)
                0x08009914                PROVIDE (__init_array_end, .)

.fini_array     0x08009914        0x0
                0x08009914                PROVIDE (__fini_array_start, .)
 *(SORT(.fini_array.*))
 *(.fini_array*)
                0x08009914                PROVIDE (__fini_array_end, .)
                0x08009914                _sidata = LOADADDR (.data)

.data           0x20000000      0x92c load address 0x08009914
                0x20000000                . = ALIGN (0x4)
                0x20000000                _sdata = .
 *(.data)
 *(.data*)
 .data.SystemCoreClock
                0x20000000        0x4 out/system_stm32f4xx.o
                0x20000000                SystemCoreClock
 .data.xtNeedPoll
                0x20000004        0x1 out/main.o
                0x20000004                xtNeedPoll
 *fill*         0x20000005        0x3 
 .data.xFuncHandlers
                0x20000008       0x80 out/mb.o
 .data.eMBState
                0x20000088        0x1 out/mb.o
 *fill*         0x20000089        0x7 
 .data.impure_data
                0x20000090      0x428 c:/program files/gcc-arm-none-eabi-4_9-2014/bin/../lib/gcc/arm-none-eabi/4.9.3/../../../../arm-none-eabi/lib/armv7e-m\libg.a(lib_a-impure.o)
 .data._impure_ptr
                0x200004b8        0x4 c:/program files/gcc-arm-none-eabi-4_9-2014/bin/../lib/gcc/arm-none-eabi/4.9.3/../../../../arm-none-eabi/lib/armv7e-m\libg.a(lib_a-impure.o)
                0x200004b8                _impure_ptr
 .data.lconv    0x200004bc       0x38 c:/program files/gcc-arm-none-eabi-4_9-2014/bin/../lib/gcc/arm-none-eabi/4.9.3/../../../../arm-none-eabi/lib/armv7e-m\libg.a(lib_a-locale.o)
 .data.lc_ctype_charset
                0x200004f4       0x20 c:/program files/gcc-arm-none-eabi-4_9-2014/bin/../lib/gcc/arm-none-eabi/4.9.3/../../../../arm-none-eabi/lib/armv7e-m\libg.a(lib_a-locale.o)
 .data.__mb_cur_max
                0x20000514        0x4 c:/program files/gcc-arm-none-eabi-4_9-2014/bin/../lib/gcc/arm-none-eabi/4.9.3/../../../../arm-none-eabi/lib/armv7e-m\libg.a(lib_a-locale.o)
                0x20000514                __mb_cur_max
 .data.__malloc_av_
                0x20000518      0x408 c:/program files/gcc-arm-none-eabi-4_9-2014/bin/../lib/gcc/arm-none-eabi/4.9.3/../../../../arm-none-eabi/lib/armv7e-m\libg.a(lib_a-mallocr.o)
                0x20000518                __malloc_av_
 .data.__malloc_trim_threshold
                0x20000920        0x4 c:/program files/gcc-arm-none-eabi-4_9-2014/bin/../lib/gcc/arm-none-eabi/4.9.3/../../../../arm-none-eabi/lib/armv7e-m\libg.a(lib_a-mallocr.o)
                0x20000920                __malloc_trim_threshold
 .data.__malloc_sbrk_base
                0x20000924        0x4 c:/program files/gcc-arm-none-eabi-4_9-2014/bin/../lib/gcc/arm-none-eabi/4.9.3/../../../../arm-none-eabi/lib/armv7e-m\libg.a(lib_a-mallocr.o)
                0x20000924                __malloc_sbrk_base
 .data.__wctomb
                0x20000928        0x4 c:/program files/gcc-arm-none-eabi-4_9-2014/bin/../lib/gcc/arm-none-eabi/4.9.3/../../../../arm-none-eabi/lib/armv7e-m\libg.a(lib_a-wctomb_r.o)
                0x20000928                __wctomb
                0x2000092c                . = ALIGN (0x4)
                0x2000092c                _edata = .

.igot.plt       0x2000092c        0x0 load address 0x0800a240
 .igot.plt      0x00000000        0x0 out/startup_stm32f411xe.o
                0x2000092c                . = ALIGN (0x4)

.bss            0x2000092c      0xc84 load address 0x0800a240
                0x2000092c                _sbss = .
                0x2000092c                __bss_start__ = _sbss
 *(.bss)
 *(.bss*)
 .bss.Timeout_Timer_0
                0x2000092c        0x4 out/stm32f4xx_it.o
 .bss.touch_timer
                0x20000930        0x4 out/stm32f4xx_it.o
 .bss.msec_counter
                0x20000934        0x4 out/stm32f4xx_it.o
 .bss.gui_Exec  0x20000938        0x1 out/stm32f4xx_it.o
                0x20000938                gui_Exec
 .bss.Touch_Flagged
                0x20000939        0x1 out/stm32f4xx_it.o
                0x20000939                Touch_Flagged
 .bss.ucSCoilBuf
                0x2000093a       0x4b out/main.o
 *fill*         0x20000985        0x3 
 .bss.Debug_ITMDebug
                0x20000988        0x4 out/main.o
 .bss.usSRegHoldBuf
                0x2000098c      0x4b0 out/main.o
 .bss.usRegInputBuf
                0x20000e3c      0x4b0 out/main.o
 .bss.heap_end.7936
                0x200012ec        0x4 out/newlib_stubs.o
 .bss.xEventInQueue
                0x200012f0        0x1 out/portevent.o
 .bss.eQueuedEvent
                0x200012f1        0x1 out/portevent.o
 *fill*         0x200012f2        0x2 
 .bss.pvMBFrameStopCur
                0x200012f4        0x4 out/mb.o
 .bss.usLength.5161
                0x200012f8        0x2 out/mb.o
 *fill*         0x200012fa        0x2 
 .bss.peMBFrameReceiveCur
                0x200012fc        0x4 out/mb.o
 .bss.pvMBFrameStartCur
                0x20001300        0x4 out/mb.o
 .bss.peMBFrameSendCur
                0x20001304        0x4 out/mb.o
 .bss.eMBCurrentMode
                0x20001308        0x1 out/mb.o
 .bss.ucRcvAddress.5159
                0x20001309        0x1 out/mb.o
 .bss.eException.5162
                0x2000130a        0x1 out/mb.o
 *fill*         0x2000130b        0x1 
 .bss.ucMBFrame.5158
                0x2000130c        0x4 out/mb.o
 .bss.ucMBAddress
                0x20001310        0x1 out/mb.o
 *fill*         0x20001311        0x3 
 .bss.pvMBFrameCloseCur
                0x20001314        0x4 out/mb.o
 .bss.ucFunctionCode.5160
                0x20001318        0x1 out/mb.o
 *fill*         0x20001319        0x3 
 .bss.pucSndBufferCur
                0x2000131c        0x4 out/mbrtu.o
 .bss.usSndBufferCount
                0x20001320        0x2 out/mbrtu.o
 .bss.usRcvBufferPos
                0x20001322        0x2 out/mbrtu.o
 .bss.eSndState
                0x20001324        0x1 out/mbrtu.o
 .bss.eRcvState
                0x20001325        0x1 out/mbrtu.o
 .bss.usMBSlaveIDLen
                0x20001326        0x2 out/mbfuncother.o
 .bss.ucMBSlaveID
                0x20001328       0x20 out/mbfuncother.o
 .bss.uwTick    0x20001348        0x4 out/stm32f4xx_hal.o
 .bss.__malloc_max_total_mem
                0x2000134c        0x4 c:/program files/gcc-arm-none-eabi-4_9-2014/bin/../lib/gcc/arm-none-eabi/4.9.3/../../../../arm-none-eabi/lib/armv7e-m\libg.a(lib_a-mallocr.o)
                0x2000134c                __malloc_max_total_mem
 .bss.__malloc_max_sbrked_mem
                0x20001350        0x4 c:/program files/gcc-arm-none-eabi-4_9-2014/bin/../lib/gcc/arm-none-eabi/4.9.3/../../../../arm-none-eabi/lib/armv7e-m\libg.a(lib_a-mallocr.o)
                0x20001350                __malloc_max_sbrked_mem
 .bss.__malloc_top_pad
                0x20001354        0x4 c:/program files/gcc-arm-none-eabi-4_9-2014/bin/../lib/gcc/arm-none-eabi/4.9.3/../../../../arm-none-eabi/lib/armv7e-m\libg.a(lib_a-mallocr.o)
                0x20001354                __malloc_top_pad
 .bss.__malloc_current_mallinfo
                0x20001358       0x28 c:/program files/gcc-arm-none-eabi-4_9-2014/bin/../lib/gcc/arm-none-eabi/4.9.3/../../../../arm-none-eabi/lib/armv7e-m\libg.a(lib_a-mallocr.o)
                0x20001358                __malloc_current_mallinfo
 *(COMMON)
 COMMON         0x20001380      0x118 out/main.o
                0x20001380                UartHandle
                0x200013c0                SRAM_Timing
                0x200013dc                hsram
                0x20001420                TimHandle
                0x2000145c                I2cHandle
 COMMON         0x20001498       0x14 out/mb.o
                0x20001498                pxMBFrameCBTransmitterEmpty
                0x2000149c                pxMBPortCBTimerExpired
                0x200014a0                pxMBFrameCBByteReceived
                0x200014a4                pxMBFrameCBTransmitFSMCur
                0x200014a8                pxMBFrameCBReceiveFSMCur
 COMMON         0x200014ac      0x100 out/mbrtu.o
                0x200014ac                ucRTUBuf
 COMMON         0x200015ac        0x4 c:/program files/gcc-arm-none-eabi-4_9-2014/bin/../lib/gcc/arm-none-eabi/4.9.3/../../../../arm-none-eabi/lib/armv7e-m\libg.a(lib_a-reent.o)
                0x200015ac                errno
                0x200015b0                . = ALIGN (0x4)
                0x200015b0                _ebss = .
                0x200015b0                __bss_end__ = _ebss

._user_heap_stack
                0x200015b0      0xb00 load address 0x0800a240
                0x200015b0                . = ALIGN (0x4)
                0x200015b0                PROVIDE (end, .)
                0x200015b0                PROVIDE (_end, .)
                0x200017b0                . = (. + _Min_Heap_Size)
 *fill*         0x200015b0      0x200 
                0x200020b0                . = (. + _Min_Stack_Size)
 *fill*         0x200017b0      0x900 
                0x200020b0                . = ALIGN (0x4)

/DISCARD/
 libc.a(*)
 libm.a(*)
 libgcc.a(*)

.ARM.attributes
                0x00000000       0x2f
 *(.ARM.attributes)
 .ARM.attributes
                0x00000000       0x21 out/startup_stm32f411xe.o
 .ARM.attributes
                0x00000021       0x33 out/system_stm32f4xx.o
 .ARM.attributes
                0x00000054       0x33 out/stm32f4xx_it.o
 .ARM.attributes
                0x00000087       0x33 out/main.o
 .ARM.attributes
                0x000000ba       0x33 out/stm32f4xx_hal_msp.o
 .ARM.attributes
                0x000000ed       0x33 out/newlib_stubs.o
 .ARM.attributes
                0x00000120       0x33 out/portevent.o
 .ARM.attributes
                0x00000153       0x33 out/portserial.o
 .ARM.attributes
                0x00000186       0x33 out/porttimer.o
 .ARM.attributes
                0x000001b9       0x33 out/port.o
 .ARM.attributes
                0x000001ec       0x33 out/mb.o
 .ARM.attributes
                0x0000021f       0x33 out/mbrtu.o
 .ARM.attributes
                0x00000252       0x33 out/mbcrc.o
 .ARM.attributes
                0x00000285       0x33 out/mbutils.o
 .ARM.attributes
                0x000002b8       0x33 out/mbfunccoils.o
 .ARM.attributes
                0x000002eb       0x33 out/mbfuncother.o
 .ARM.attributes
                0x0000031e       0x33 out/mbfuncdisc.o
 .ARM.attributes
                0x00000351       0x33 out/mbfuncinput.o
 .ARM.attributes
                0x00000384       0x33 out/mbfuncholding.o
 .ARM.attributes
                0x000003b7       0x33 out/stm32f4xx_hal_rcc.o
 .ARM.attributes
                0x000003ea       0x33 out/stm32f4xx_hal_i2c.o
 .ARM.attributes
                0x0000041d       0x33 out/stm32f4xx_hal_cortex.o
 .ARM.attributes
                0x00000450       0x33 out/stm32f4xx_hal_uart.o
 .ARM.attributes
                0x00000483       0x33 out/stm32f4xx_ll_fsmc.o
 .ARM.attributes
                0x000004b6       0x33 out/stm32f4xx_hal_sram.o
 .ARM.attributes
                0x000004e9       0x33 out/stm32f4xx_hal_tim_ex.o
 .ARM.attributes
                0x0000051c       0x33 out/stm32f4xx_hal_tim.o
 .ARM.attributes
                0x0000054f       0x33 out/stm32f4xx_hal_gpio.o
 .ARM.attributes
                0x00000582       0x33 out/stm32f4xx_hal.o
 .ARM.attributes
                0x000005b5       0x2e c:/program files/gcc-arm-none-eabi-4_9-2014/bin/../lib/gcc/arm-none-eabi/4.9.3/../../../../arm-none-eabi/lib/armv7e-m\libg.a(lib_a-assert.o)
 .ARM.attributes
                0x000005e3       0x2e c:/program files/gcc-arm-none-eabi-4_9-2014/bin/../lib/gcc/arm-none-eabi/4.9.3/../../../../arm-none-eabi/lib/armv7e-m\libg.a(lib_a-fiprintf.o)
 .ARM.attributes
                0x00000611       0x2e c:/program files/gcc-arm-none-eabi-4_9-2014/bin/../lib/gcc/arm-none-eabi/4.9.3/../../../../arm-none-eabi/lib/armv7e-m\libg.a(lib_a-impure.o)
 .ARM.attributes
                0x0000063f       0x1c c:/program files/gcc-arm-none-eabi-4_9-2014/bin/../lib/gcc/arm-none-eabi/4.9.3/../../../../arm-none-eabi/lib/armv7e-m\libg.a(lib_a-memcpy.o)
 .ARM.attributes
                0x0000065b       0x2e c:/program files/gcc-arm-none-eabi-4_9-2014/bin/../lib/gcc/arm-none-eabi/4.9.3/../../../../arm-none-eabi/lib/armv7e-m\libg.a(lib_a-printf.o)
 .ARM.attributes
                0x00000689       0x2e c:/program files/gcc-arm-none-eabi-4_9-2014/bin/../lib/gcc/arm-none-eabi/4.9.3/../../../../arm-none-eabi/lib/armv7e-m\libg.a(lib_a-puts.o)
 .ARM.attributes
                0x000006b7       0x2e c:/program files/gcc-arm-none-eabi-4_9-2014/bin/../lib/gcc/arm-none-eabi/4.9.3/../../../../arm-none-eabi/lib/armv7e-m\libg.a(lib_a-reent.o)
 .ARM.attributes
                0x000006e5       0x2e c:/program files/gcc-arm-none-eabi-4_9-2014/bin/../lib/gcc/arm-none-eabi/4.9.3/../../../../arm-none-eabi/lib/armv7e-m\libg.a(lib_a-strlen.o)
 .ARM.attributes
                0x00000713       0x2e c:/program files/gcc-arm-none-eabi-4_9-2014/bin/../lib/gcc/arm-none-eabi/4.9.3/../../../../arm-none-eabi/lib/armv7e-m\libg.a(lib_a-vfiprintf.o)
 .ARM.attributes
                0x00000741       0x2e c:/program files/gcc-arm-none-eabi-4_9-2014/bin/../lib/gcc/arm-none-eabi/4.9.3/../../../../arm-none-eabi/lib/armv7e-m\libg.a(lib_a-vfprintf.o)
 .ARM.attributes
                0x0000076f       0x2e c:/program files/gcc-arm-none-eabi-4_9-2014/bin/../lib/gcc/arm-none-eabi/4.9.3/../../../../arm-none-eabi/lib/armv7e-m\libg.a(lib_a-wsetup.o)
 .ARM.attributes
                0x0000079d       0x2e c:/program files/gcc-arm-none-eabi-4_9-2014/bin/../lib/gcc/arm-none-eabi/4.9.3/../../../../arm-none-eabi/lib/armv7e-m\libg.a(lib_a-abort.o)
 .ARM.attributes
                0x000007cb       0x2e c:/program files/gcc-arm-none-eabi-4_9-2014/bin/../lib/gcc/arm-none-eabi/4.9.3/../../../../arm-none-eabi/lib/armv7e-m\libg.a(lib_a-dtoa.o)
 .ARM.attributes
                0x000007f9       0x2e c:/program files/gcc-arm-none-eabi-4_9-2014/bin/../lib/gcc/arm-none-eabi/4.9.3/../../../../arm-none-eabi/lib/armv7e-m\libg.a(lib_a-fflush.o)
 .ARM.attributes
                0x00000827       0x2e c:/program files/gcc-arm-none-eabi-4_9-2014/bin/../lib/gcc/arm-none-eabi/4.9.3/../../../../arm-none-eabi/lib/armv7e-m\libg.a(lib_a-findfp.o)
 .ARM.attributes
                0x00000855       0x2e c:/program files/gcc-arm-none-eabi-4_9-2014/bin/../lib/gcc/arm-none-eabi/4.9.3/../../../../arm-none-eabi/lib/armv7e-m\libg.a(lib_a-fputwc.o)
 .ARM.attributes
                0x00000883       0x2e c:/program files/gcc-arm-none-eabi-4_9-2014/bin/../lib/gcc/arm-none-eabi/4.9.3/../../../../arm-none-eabi/lib/armv7e-m\libg.a(lib_a-freer.o)
 .ARM.attributes
                0x000008b1       0x2e c:/program files/gcc-arm-none-eabi-4_9-2014/bin/../lib/gcc/arm-none-eabi/4.9.3/../../../../arm-none-eabi/lib/armv7e-m\libg.a(lib_a-fvwrite.o)
 .ARM.attributes
                0x000008df       0x2e c:/program files/gcc-arm-none-eabi-4_9-2014/bin/../lib/gcc/arm-none-eabi/4.9.3/../../../../arm-none-eabi/lib/armv7e-m\libg.a(lib_a-fwalk.o)
 .ARM.attributes
                0x0000090d       0x2e c:/program files/gcc-arm-none-eabi-4_9-2014/bin/../lib/gcc/arm-none-eabi/4.9.3/../../../../arm-none-eabi/lib/armv7e-m\libg.a(lib_a-locale.o)
 .ARM.attributes
                0x0000093b       0x2e c:/program files/gcc-arm-none-eabi-4_9-2014/bin/../lib/gcc/arm-none-eabi/4.9.3/../../../../arm-none-eabi/lib/armv7e-m\libg.a(lib_a-makebuf.o)
 .ARM.attributes
                0x00000969       0x2e c:/program files/gcc-arm-none-eabi-4_9-2014/bin/../lib/gcc/arm-none-eabi/4.9.3/../../../../arm-none-eabi/lib/armv7e-m\libg.a(lib_a-mallocr.o)
 .ARM.attributes
                0x00000997       0x2e c:/program files/gcc-arm-none-eabi-4_9-2014/bin/../lib/gcc/arm-none-eabi/4.9.3/../../../../arm-none-eabi/lib/armv7e-m\libg.a(lib_a-memchr.o)
 .ARM.attributes
                0x000009c5       0x2e c:/program files/gcc-arm-none-eabi-4_9-2014/bin/../lib/gcc/arm-none-eabi/4.9.3/../../../../arm-none-eabi/lib/armv7e-m\libg.a(lib_a-memmove.o)
 .ARM.attributes
                0x000009f3       0x2e c:/program files/gcc-arm-none-eabi-4_9-2014/bin/../lib/gcc/arm-none-eabi/4.9.3/../../../../arm-none-eabi/lib/armv7e-m\libg.a(lib_a-memset.o)
 .ARM.attributes
                0x00000a21       0x2e c:/program files/gcc-arm-none-eabi-4_9-2014/bin/../lib/gcc/arm-none-eabi/4.9.3/../../../../arm-none-eabi/lib/armv7e-m\libg.a(lib_a-mlock.o)
 .ARM.attributes
                0x00000a4f       0x2e c:/program files/gcc-arm-none-eabi-4_9-2014/bin/../lib/gcc/arm-none-eabi/4.9.3/../../../../arm-none-eabi/lib/armv7e-m\libg.a(lib_a-mprec.o)
 .ARM.attributes
                0x00000a7d       0x2e c:/program files/gcc-arm-none-eabi-4_9-2014/bin/../lib/gcc/arm-none-eabi/4.9.3/../../../../arm-none-eabi/lib/armv7e-m\libg.a(lib_a-reallocr.o)
 .ARM.attributes
                0x00000aab       0x2e c:/program files/gcc-arm-none-eabi-4_9-2014/bin/../lib/gcc/arm-none-eabi/4.9.3/../../../../arm-none-eabi/lib/armv7e-m\libg.a(lib_a-s_fpclassify.o)
 .ARM.attributes
                0x00000ad9       0x2e c:/program files/gcc-arm-none-eabi-4_9-2014/bin/../lib/gcc/arm-none-eabi/4.9.3/../../../../arm-none-eabi/lib/armv7e-m\libg.a(lib_a-sbrkr.o)
 .ARM.attributes
                0x00000b07       0x2e c:/program files/gcc-arm-none-eabi-4_9-2014/bin/../lib/gcc/arm-none-eabi/4.9.3/../../../../arm-none-eabi/lib/armv7e-m\libg.a(lib_a-signal.o)
 .ARM.attributes
                0x00000b35       0x2e c:/program files/gcc-arm-none-eabi-4_9-2014/bin/../lib/gcc/arm-none-eabi/4.9.3/../../../../arm-none-eabi/lib/armv7e-m\libg.a(lib_a-signalr.o)
 .ARM.attributes
                0x00000b63       0x2e c:/program files/gcc-arm-none-eabi-4_9-2014/bin/../lib/gcc/arm-none-eabi/4.9.3/../../../../arm-none-eabi/lib/armv7e-m\libg.a(lib_a-stdio.o)
 .ARM.attributes
                0x00000b91       0x2e c:/program files/gcc-arm-none-eabi-4_9-2014/bin/../lib/gcc/arm-none-eabi/4.9.3/../../../../arm-none-eabi/lib/armv7e-m\libg.a(lib_a-wbuf.o)
 .ARM.attributes
                0x00000bbf       0x2e c:/program files/gcc-arm-none-eabi-4_9-2014/bin/../lib/gcc/arm-none-eabi/4.9.3/../../../../arm-none-eabi/lib/armv7e-m\libg.a(lib_a-wcrtomb.o)
 .ARM.attributes
                0x00000bed       0x2e c:/program files/gcc-arm-none-eabi-4_9-2014/bin/../lib/gcc/arm-none-eabi/4.9.3/../../../../arm-none-eabi/lib/armv7e-m\libg.a(lib_a-wctomb_r.o)
 .ARM.attributes
                0x00000c1b       0x2e c:/program files/gcc-arm-none-eabi-4_9-2014/bin/../lib/gcc/arm-none-eabi/4.9.3/../../../../arm-none-eabi/lib/armv7e-m\libg.a(lib_a-writer.o)
 .ARM.attributes
                0x00000c49       0x2e c:/program files/gcc-arm-none-eabi-4_9-2014/bin/../lib/gcc/arm-none-eabi/4.9.3/../../../../arm-none-eabi/lib/armv7e-m\libg.a(lib_a-callocr.o)
 .ARM.attributes
                0x00000c77       0x2e c:/program files/gcc-arm-none-eabi-4_9-2014/bin/../lib/gcc/arm-none-eabi/4.9.3/../../../../arm-none-eabi/lib/armv7e-m\libg.a(lib_a-closer.o)
 .ARM.attributes
                0x00000ca5       0x2e c:/program files/gcc-arm-none-eabi-4_9-2014/bin/../lib/gcc/arm-none-eabi/4.9.3/../../../../arm-none-eabi/lib/armv7e-m\libg.a(lib_a-fclose.o)
 .ARM.attributes
                0x00000cd3       0x2e c:/program files/gcc-arm-none-eabi-4_9-2014/bin/../lib/gcc/arm-none-eabi/4.9.3/../../../../arm-none-eabi/lib/armv7e-m\libg.a(lib_a-fstatr.o)
 .ARM.attributes
                0x00000d01       0x2e c:/program files/gcc-arm-none-eabi-4_9-2014/bin/../lib/gcc/arm-none-eabi/4.9.3/../../../../arm-none-eabi/lib/armv7e-m\libg.a(lib_a-isattyr.o)
 .ARM.attributes
                0x00000d2f       0x2e c:/program files/gcc-arm-none-eabi-4_9-2014/bin/../lib/gcc/arm-none-eabi/4.9.3/../../../../arm-none-eabi/lib/armv7e-m\libg.a(lib_a-lseekr.o)
 .ARM.attributes
                0x00000d5d       0x2e c:/program files/gcc-arm-none-eabi-4_9-2014/bin/../lib/gcc/arm-none-eabi/4.9.3/../../../../arm-none-eabi/lib/armv7e-m\libg.a(lib_a-readr.o)
 .ARM.attributes
                0x00000d8b       0x1e c:/program files/gcc-arm-none-eabi-4_9-2014/bin/../lib/gcc/arm-none-eabi/4.9.3/armv7e-m\libgcc.a(_arm_addsubdf3.o)
 .ARM.attributes
                0x00000da9       0x1e c:/program files/gcc-arm-none-eabi-4_9-2014/bin/../lib/gcc/arm-none-eabi/4.9.3/armv7e-m\libgcc.a(_arm_muldivdf3.o)
 .ARM.attributes
                0x00000dc7       0x1e c:/program files/gcc-arm-none-eabi-4_9-2014/bin/../lib/gcc/arm-none-eabi/4.9.3/armv7e-m\libgcc.a(_arm_cmpdf2.o)
 .ARM.attributes
                0x00000de5       0x1e c:/program files/gcc-arm-none-eabi-4_9-2014/bin/../lib/gcc/arm-none-eabi/4.9.3/armv7e-m\libgcc.a(_arm_fixdfsi.o)
 .ARM.attributes
                0x00000e03       0x1e c:/program files/gcc-arm-none-eabi-4_9-2014/bin/../lib/gcc/arm-none-eabi/4.9.3/armv7e-m\libgcc.a(_aeabi_uldivmod.o)
 .ARM.attributes
                0x00000e21       0x2e c:/program files/gcc-arm-none-eabi-4_9-2014/bin/../lib/gcc/arm-none-eabi/4.9.3/armv7e-m\libgcc.a(bpabi.o)
 .ARM.attributes
                0x00000e4f       0x1e c:/program files/gcc-arm-none-eabi-4_9-2014/bin/../lib/gcc/arm-none-eabi/4.9.3/armv7e-m\libgcc.a(_dvmd_tls.o)
 .ARM.attributes
                0x00000e6d       0x2e c:/program files/gcc-arm-none-eabi-4_9-2014/bin/../lib/gcc/arm-none-eabi/4.9.3/armv7e-m\libgcc.a(_divdi3.o)
 .ARM.attributes
                0x00000e9b       0x2e c:/program files/gcc-arm-none-eabi-4_9-2014/bin/../lib/gcc/arm-none-eabi/4.9.3/armv7e-m\libgcc.a(_udivdi3.o)
OUTPUT(out/Verventa-Slave.elf elf32-littlearm)

.debug_line     0x00000000     0xf3f8
 .debug_line    0x00000000       0x73 out/startup_stm32f411xe.o
 .debug_line    0x00000073      0x628 out/system_stm32f4xx.o
 .debug_line    0x0000069b      0x6e9 out/stm32f4xx_it.o
 .debug_line    0x00000d84      0x98d out/main.o
 .debug_line    0x00001711      0x745 out/stm32f4xx_hal_msp.o
 .debug_line    0x00001e56      0x823 out/newlib_stubs.o
 .debug_line    0x00002679      0x265 out/portevent.o
 .debug_line    0x000028de      0x7d2 out/portserial.o
 .debug_line    0x000030b0      0x6f5 out/porttimer.o
 .debug_line    0x000037a5      0x615 out/port.o
 .debug_line    0x00003dba      0x3dd out/mb.o
 .debug_line    0x00004197      0x3f8 out/mbrtu.o
 .debug_line    0x0000458f      0x218 out/mbcrc.o
 .debug_line    0x000047a7      0x31b out/mbutils.o
 .debug_line    0x00004ac2      0x381 out/mbfunccoils.o
 .debug_line    0x00004e43      0x307 out/mbfuncother.o
 .debug_line    0x0000514a      0x30a out/mbfuncdisc.o
 .debug_line    0x00005454      0x30a out/mbfuncinput.o
 .debug_line    0x0000575e      0x3b8 out/mbfuncholding.o
 .debug_line    0x00005b16      0xa61 out/stm32f4xx_hal_rcc.o
 .debug_line    0x00006577     0x13ac out/stm32f4xx_hal_i2c.o
 .debug_line    0x00007923      0x844 out/stm32f4xx_hal_cortex.o
 .debug_line    0x00008167      0xf71 out/stm32f4xx_hal_uart.o
 .debug_line    0x000090d8      0xa8a out/stm32f4xx_ll_fsmc.o
 .debug_line    0x00009b62      0x8ec out/stm32f4xx_hal_sram.o
 .debug_line    0x0000a44e     0x1005 out/stm32f4xx_hal_tim_ex.o
 .debug_line    0x0000b453     0x2f42 out/stm32f4xx_hal_tim.o
 .debug_line    0x0000e395      0x8a2 out/stm32f4xx_hal_gpio.o
 .debug_line    0x0000ec37      0x7c1 out/stm32f4xx_hal.o

.debug_info     0x00000000    0x16325
 .debug_info    0x00000000       0x65 out/startup_stm32f411xe.o
 .debug_info    0x00000065      0x4a7 out/system_stm32f4xx.o
 .debug_info    0x0000050c      0x227 out/stm32f4xx_it.o
 .debug_info    0x00000733     0x1d9e out/main.o
 .debug_info    0x000024d1     0x1457 out/stm32f4xx_hal_msp.o
 .debug_info    0x00003928      0x725 out/newlib_stubs.o
 .debug_info    0x0000404d      0x162 out/portevent.o
 .debug_info    0x000041af      0xae4 out/portserial.o
 .debug_info    0x00004c93      0x6e2 out/porttimer.o
 .debug_info    0x00005375       0xfa out/port.o
 .debug_info    0x0000546f      0x746 out/mb.o
 .debug_info    0x00005bb5      0x83f out/mbrtu.o
 .debug_info    0x000063f4      0x151 out/mbcrc.o
 .debug_info    0x00006545      0x30f out/mbutils.o
 .debug_info    0x00006854      0x3be out/mbfunccoils.o
 .debug_info    0x00006c12      0x2ae out/mbfuncother.o
 .debug_info    0x00006ec0      0x22d out/mbfuncdisc.o
 .debug_info    0x000070ed      0x21e out/mbfuncinput.o
 .debug_info    0x0000730b      0x47b out/mbfuncholding.o
 .debug_info    0x00007786     0x12b5 out/stm32f4xx_hal_rcc.o
 .debug_info    0x00008a3b     0x2a5d out/stm32f4xx_hal_i2c.o
 .debug_info    0x0000b498      0xe28 out/stm32f4xx_hal_cortex.o
 .debug_info    0x0000c2c0     0x14cd out/stm32f4xx_hal_uart.o
 .debug_info    0x0000d78d     0x1128 out/stm32f4xx_ll_fsmc.o
 .debug_info    0x0000e8b5      0xbca out/stm32f4xx_hal_sram.o
 .debug_info    0x0000f47f     0x18cc out/stm32f4xx_hal_tim_ex.o
 .debug_info    0x00010d4b     0x43c4 out/stm32f4xx_hal_tim.o
 .debug_info    0x0001510f      0x85e out/stm32f4xx_hal_gpio.o
 .debug_info    0x0001596d      0x9b8 out/stm32f4xx_hal.o

.debug_abbrev   0x00000000     0x33cc
 .debug_abbrev  0x00000000       0x12 out/startup_stm32f411xe.o
 .debug_abbrev  0x00000012      0x104 out/system_stm32f4xx.o
 .debug_abbrev  0x00000116       0xf8 out/stm32f4xx_it.o
 .debug_abbrev  0x0000020e      0x46f out/main.o
 .debug_abbrev  0x0000067d      0x1f7 out/stm32f4xx_hal_msp.o
 .debug_abbrev  0x00000874      0x217 out/newlib_stubs.o
 .debug_abbrev  0x00000a8b       0xbc out/portevent.o
 .debug_abbrev  0x00000b47      0x319 out/portserial.o
 .debug_abbrev  0x00000e60      0x1cd out/porttimer.o
 .debug_abbrev  0x0000102d       0x88 out/port.o
 .debug_abbrev  0x000010b5      0x1ee out/mb.o
 .debug_abbrev  0x000012a3      0x1c4 out/mbrtu.o
 .debug_abbrev  0x00001467       0xa5 out/mbcrc.o
 .debug_abbrev  0x0000150c      0x12d out/mbutils.o
 .debug_abbrev  0x00001639      0x115 out/mbfunccoils.o
 .debug_abbrev  0x0000174e       0xf6 out/mbfuncother.o
 .debug_abbrev  0x00001844       0xe9 out/mbfuncdisc.o
 .debug_abbrev  0x0000192d       0xe9 out/mbfuncinput.o
 .debug_abbrev  0x00001a16       0xf8 out/mbfuncholding.o
 .debug_abbrev  0x00001b0e      0x2f1 out/stm32f4xx_hal_rcc.o
 .debug_abbrev  0x00001dff      0x2c3 out/stm32f4xx_hal_i2c.o
 .debug_abbrev  0x000020c2      0x319 out/stm32f4xx_hal_cortex.o
 .debug_abbrev  0x000023db      0x2d4 out/stm32f4xx_hal_uart.o
 .debug_abbrev  0x000026af      0x1bf out/stm32f4xx_ll_fsmc.o
 .debug_abbrev  0x0000286e      0x1f1 out/stm32f4xx_hal_sram.o
 .debug_abbrev  0x00002a5f      0x22c out/stm32f4xx_hal_tim_ex.o
 .debug_abbrev  0x00002c8b      0x2dd out/stm32f4xx_hal_tim.o
 .debug_abbrev  0x00002f68      0x1ef out/stm32f4xx_hal_gpio.o
 .debug_abbrev  0x00003157      0x275 out/stm32f4xx_hal.o

.debug_aranges  0x00000000      0xfa0
 .debug_aranges
                0x00000000       0x28 out/startup_stm32f411xe.o
 .debug_aranges
                0x00000028       0x28 out/system_stm32f4xx.o
 .debug_aranges
                0x00000050       0x70 out/stm32f4xx_it.o
 .debug_aranges
                0x000000c0       0x78 out/main.o
 .debug_aranges
                0x00000138       0x60 out/stm32f4xx_hal_msp.o
 .debug_aranges
                0x00000198       0xa0 out/newlib_stubs.o
 .debug_aranges
                0x00000238       0x30 out/portevent.o
 .debug_aranges
                0x00000268       0x60 out/portserial.o
 .debug_aranges
                0x000002c8       0x40 out/porttimer.o
 .debug_aranges
                0x00000308       0x28 out/port.o
 .debug_aranges
                0x00000330       0x48 out/mb.o
 .debug_aranges
                0x00000378       0x58 out/mbrtu.o
 .debug_aranges
                0x000003d0       0x20 out/mbcrc.o
 .debug_aranges
                0x000003f0       0x30 out/mbutils.o
 .debug_aranges
                0x00000420       0x30 out/mbfunccoils.o
 .debug_aranges
                0x00000450       0x28 out/mbfuncother.o
 .debug_aranges
                0x00000478       0x20 out/mbfuncdisc.o
 .debug_aranges
                0x00000498       0x20 out/mbfuncinput.o
 .debug_aranges
                0x000004b8       0x38 out/mbfuncholding.o
 .debug_aranges
                0x000004f0       0x88 out/stm32f4xx_hal_rcc.o
 .debug_aranges
                0x00000578      0x190 out/stm32f4xx_hal_i2c.o
 .debug_aranges
                0x00000708       0x90 out/stm32f4xx_hal_cortex.o
 .debug_aranges
                0x00000798      0x138 out/stm32f4xx_hal_uart.o
 .debug_aranges
                0x000008d0       0xa8 out/stm32f4xx_ll_fsmc.o
 .debug_aranges
                0x00000978       0xa0 out/stm32f4xx_hal_sram.o
 .debug_aranges
                0x00000a18      0x140 out/stm32f4xx_hal_tim_ex.o
 .debug_aranges
                0x00000b58      0x330 out/stm32f4xx_hal_tim.o
 .debug_aranges
                0x00000e88       0x58 out/stm32f4xx_hal_gpio.o
 .debug_aranges
                0x00000ee0       0xc0 out/stm32f4xx_hal.o

.debug_ranges   0x00000000      0xff8
 .debug_ranges  0x00000000       0x20 out/startup_stm32f411xe.o
 .debug_ranges  0x00000020       0x18 out/system_stm32f4xx.o
 .debug_ranges  0x00000038       0x60 out/stm32f4xx_it.o
 .debug_ranges  0x00000098       0x80 out/main.o
 .debug_ranges  0x00000118       0x50 out/stm32f4xx_hal_msp.o
 .debug_ranges  0x00000168       0x90 out/newlib_stubs.o
 .debug_ranges  0x000001f8       0x20 out/portevent.o
 .debug_ranges  0x00000218       0xa0 out/portserial.o
 .debug_ranges  0x000002b8       0x30 out/porttimer.o
 .debug_ranges  0x000002e8       0x18 out/port.o
 .debug_ranges  0x00000300       0x38 out/mb.o
 .debug_ranges  0x00000338       0x48 out/mbrtu.o
 .debug_ranges  0x00000380       0x10 out/mbcrc.o
 .debug_ranges  0x00000390       0x20 out/mbutils.o
 .debug_ranges  0x000003b0       0x20 out/mbfunccoils.o
 .debug_ranges  0x000003d0       0x18 out/mbfuncother.o
 .debug_ranges  0x000003e8       0x10 out/mbfuncdisc.o
 .debug_ranges  0x000003f8       0x10 out/mbfuncinput.o
 .debug_ranges  0x00000408       0x28 out/mbfuncholding.o
 .debug_ranges  0x00000430       0x78 out/stm32f4xx_hal_rcc.o
 .debug_ranges  0x000004a8      0x1c8 out/stm32f4xx_hal_i2c.o
 .debug_ranges  0x00000670      0x118 out/stm32f4xx_hal_cortex.o
 .debug_ranges  0x00000788      0x128 out/stm32f4xx_hal_uart.o
 .debug_ranges  0x000008b0       0x98 out/stm32f4xx_ll_fsmc.o
 .debug_ranges  0x00000948       0x90 out/stm32f4xx_hal_sram.o
 .debug_ranges  0x000009d8      0x130 out/stm32f4xx_hal_tim_ex.o
 .debug_ranges  0x00000b08      0x3f8 out/stm32f4xx_hal_tim.o
 .debug_ranges  0x00000f00       0x48 out/stm32f4xx_hal_gpio.o
 .debug_ranges  0x00000f48       0xb0 out/stm32f4xx_hal.o

.debug_loc      0x00000000     0xb8b4
 .debug_loc     0x00000000       0xc8 out/system_stm32f4xx.o
 .debug_loc     0x000000c8       0x21 out/stm32f4xx_it.o
 .debug_loc     0x000000e9      0x5d0 out/main.o
 .debug_loc     0x000006b9       0xe7 out/stm32f4xx_hal_msp.o
 .debug_loc     0x000007a0      0x43c out/newlib_stubs.o
 .debug_loc     0x00000bdc       0x93 out/portevent.o
 .debug_loc     0x00000c6f      0x265 out/portserial.o
 .debug_loc     0x00000ed4       0x42 out/porttimer.o
 .debug_loc     0x00000f16      0x30e out/mb.o
 .debug_loc     0x00001224      0x29d out/mbrtu.o
 .debug_loc     0x000014c1       0xbd out/mbcrc.o
 .debug_loc     0x0000157e      0x32b out/mbutils.o
 .debug_loc     0x000018a9      0x473 out/mbfunccoils.o
 .debug_loc     0x00001d1c      0x132 out/mbfuncother.o
 .debug_loc     0x00001e4e      0x177 out/mbfuncdisc.o
 .debug_loc     0x00001fc5      0x159 out/mbfuncinput.o
 .debug_loc     0x0000211e      0x6af out/mbfuncholding.o
 .debug_loc     0x000027cd      0x650 out/stm32f4xx_hal_rcc.o
 .debug_loc     0x00002e1d     0x25c1 out/stm32f4xx_hal_i2c.o
 .debug_loc     0x000053de      0x498 out/stm32f4xx_hal_cortex.o
 .debug_loc     0x00005876      0xf0d out/stm32f4xx_hal_uart.o
 .debug_loc     0x00006783      0x8c9 out/stm32f4xx_ll_fsmc.o
 .debug_loc     0x0000704c      0x744 out/stm32f4xx_hal_sram.o
 .debug_loc     0x00007790      0xc37 out/stm32f4xx_hal_tim_ex.o
 .debug_loc     0x000083c7     0x2f36 out/stm32f4xx_hal_tim.o
 .debug_loc     0x0000b2fd      0x50f out/stm32f4xx_hal_gpio.o
 .debug_loc     0x0000b80c       0xa8 out/stm32f4xx_hal.o

.debug_macro    0x00000000    0x16832
 .debug_macro   0x00000000      0x220 out/system_stm32f4xx.o
 .debug_macro   0x00000220      0x892 out/system_stm32f4xx.o
 .debug_macro   0x00000ab2       0x34 out/system_stm32f4xx.o
 .debug_macro   0x00000ae6       0x28 out/system_stm32f4xx.o
 .debug_macro   0x00000b0e       0x3b out/system_stm32f4xx.o
 .debug_macro   0x00000b49       0x22 out/system_stm32f4xx.o
 .debug_macro   0x00000b6b       0x44 out/system_stm32f4xx.o
 .debug_macro   0x00000baf       0x1c out/system_stm32f4xx.o
 .debug_macro   0x00000bcb      0x1f7 out/system_stm32f4xx.o
 .debug_macro   0x00000dc2       0x2d out/system_stm32f4xx.o
 .debug_macro   0x00000def       0x26 out/system_stm32f4xx.o
 .debug_macro   0x00000e15      0xd39 out/system_stm32f4xx.o
 .debug_macro   0x00001b4e     0x9201 out/system_stm32f4xx.o
 .debug_macro   0x0000ad4f       0x43 out/system_stm32f4xx.o
 .debug_macro   0x0000ad92      0x1d2 out/system_stm32f4xx.o
 .debug_macro   0x0000af64     0x2694 out/system_stm32f4xx.o
 .debug_macro   0x0000d5f8       0x64 out/system_stm32f4xx.o
 .debug_macro   0x0000d65c      0xa22 out/system_stm32f4xx.o
 .debug_macro   0x0000e07e      0x40f out/system_stm32f4xx.o
 .debug_macro   0x0000e48d      0x15b out/system_stm32f4xx.o
 .debug_macro   0x0000e5e8      0x11e out/system_stm32f4xx.o
 .debug_macro   0x0000e706      0x13e out/system_stm32f4xx.o
 .debug_macro   0x0000e844       0x27 out/system_stm32f4xx.o
 .debug_macro   0x0000e86b      0x272 out/system_stm32f4xx.o
 .debug_macro   0x0000eadd       0x5f out/system_stm32f4xx.o
 .debug_macro   0x0000eb3c       0x5d out/system_stm32f4xx.o
 .debug_macro   0x0000eb99       0x23 out/system_stm32f4xx.o
 .debug_macro   0x0000ebbc      0x133 out/system_stm32f4xx.o
 .debug_macro   0x0000ecef      0x217 out/system_stm32f4xx.o
 .debug_macro   0x0000ef06       0x2e out/system_stm32f4xx.o
 .debug_macro   0x0000ef34      0x4ef out/system_stm32f4xx.o
 .debug_macro   0x0000f423       0x88 out/system_stm32f4xx.o
 .debug_macro   0x0000f4ab      0x17d out/system_stm32f4xx.o
 .debug_macro   0x0000f628       0x9e out/system_stm32f4xx.o
 .debug_macro   0x0000f6c6      0x13a out/system_stm32f4xx.o
 .debug_macro   0x0000f800       0x5e out/system_stm32f4xx.o
 .debug_macro   0x0000f85e       0x97 out/system_stm32f4xx.o
 .debug_macro   0x0000f8f5      0x31a out/system_stm32f4xx.o
 .debug_macro   0x0000fc0f      0x409 out/system_stm32f4xx.o
 .debug_macro   0x00010018       0xe4 out/system_stm32f4xx.o
 .debug_macro   0x000100fc      0x6d9 out/system_stm32f4xx.o
 .debug_macro   0x000107d5       0x59 out/system_stm32f4xx.o
 .debug_macro   0x0001082e      0x14d out/system_stm32f4xx.o
 .debug_macro   0x0001097b      0x287 out/system_stm32f4xx.o
 .debug_macro   0x00010c02      0x225 out/system_stm32f4xx.o
 .debug_macro   0x00010e27       0x94 out/system_stm32f4xx.o
 .debug_macro   0x00010ebb      0x125 out/system_stm32f4xx.o
 .debug_macro   0x00010fe0      0x240 out/stm32f4xx_it.o
 .debug_macro   0x00011220      0x138 out/stm32f4xx_it.o
 .debug_macro   0x00011358       0x22 out/stm32f4xx_it.o
 .debug_macro   0x0001137a      0x3bc out/main.o
 .debug_macro   0x00011736       0x58 out/main.o
 .debug_macro   0x0001178e       0x35 out/main.o
 .debug_macro   0x000117c3       0x9c out/main.o
 .debug_macro   0x0001185f       0x16 out/main.o
 .debug_macro   0x00011875       0x4a out/main.o
 .debug_macro   0x000118bf       0x97 out/main.o
 .debug_macro   0x00011956      0x29d out/main.o
 .debug_macro   0x00011bf3       0xef out/main.o
 .debug_macro   0x00011ce2       0x10 out/main.o
 .debug_macro   0x00011cf2       0x52 out/main.o
 .debug_macro   0x00011d44       0x16 out/main.o
 .debug_macro   0x00011d5a       0x43 out/main.o
 .debug_macro   0x00011d9d      0x180 out/main.o
 .debug_macro   0x00011f1d       0x10 out/main.o
 .debug_macro   0x00011f2d       0x22 out/main.o
 .debug_macro   0x00011f4f       0xbd out/main.o
 .debug_macro   0x0001200c       0x16 out/main.o
 .debug_macro   0x00012022      0x16d out/main.o
 .debug_macro   0x0001218f       0x16 out/main.o
 .debug_macro   0x000121a5       0x35 out/main.o
 .debug_macro   0x000121da       0x16 out/main.o
 .debug_macro   0x000121f0       0x29 out/main.o
 .debug_macro   0x00012219       0x16 out/main.o
 .debug_macro   0x0001222f       0x57 out/main.o
 .debug_macro   0x00012286       0x16 out/main.o
 .debug_macro   0x0001229c       0x10 out/main.o
 .debug_macro   0x000122ac      0x448 out/main.o
 .debug_macro   0x000126f4       0x34 out/main.o
 .debug_macro   0x00012728       0x7c out/main.o
 .debug_macro   0x000127a4      0x229 out/stm32f4xx_hal_msp.o
 .debug_macro   0x000129cd      0x333 out/newlib_stubs.o
 .debug_macro   0x00012d00       0x10 out/newlib_stubs.o
 .debug_macro   0x00012d10      0x166 out/newlib_stubs.o
 .debug_macro   0x00012e76      0x23b out/newlib_stubs.o
 .debug_macro   0x000130b1       0x10 out/newlib_stubs.o
 .debug_macro   0x000130c1       0x10 out/newlib_stubs.o
 .debug_macro   0x000130d1       0x10 out/newlib_stubs.o
 .debug_macro   0x000130e1       0x35 out/newlib_stubs.o
 .debug_macro   0x00013116      0x121 out/newlib_stubs.o
 .debug_macro   0x00013237       0x16 out/newlib_stubs.o
 .debug_macro   0x0001324d      0x48e out/newlib_stubs.o
 .debug_macro   0x000136db       0xd3 out/portevent.o
 .debug_macro   0x000137ae       0x82 out/portevent.o
 .debug_macro   0x00013830      0x2cb out/portserial.o
 .debug_macro   0x00013afb      0x2cb out/porttimer.o
 .debug_macro   0x00013dc6      0x229 out/port.o
 .debug_macro   0x00013fef      0x1a8 out/mb.o
 .debug_macro   0x00014197      0x10e out/mb.o
 .debug_macro   0x000142a5       0x7f out/mb.o
 .debug_macro   0x00014324       0x10 out/mb.o
 .debug_macro   0x00014334      0x1fd out/mb.o
 .debug_macro   0x00014531       0x70 out/mb.o
 .debug_macro   0x000145a1       0x22 out/mb.o
 .debug_macro   0x000145c3      0x1b3 out/mbrtu.o
 .debug_macro   0x00014776       0xac out/mbcrc.o
 .debug_macro   0x00014822      0x17e out/mbutils.o
 .debug_macro   0x000149a0      0x1d8 out/mbfunccoils.o
 .debug_macro   0x00014b78      0x18a out/mbfuncother.o
 .debug_macro   0x00014d02      0x1a2 out/mbfuncdisc.o
 .debug_macro   0x00014ea4      0x1a8 out/mbfuncinput.o
 .debug_macro   0x0001504c      0x202 out/mbfuncholding.o
 .debug_macro   0x0001524e      0x25c out/stm32f4xx_hal_rcc.o
 .debug_macro   0x000154aa      0x229 out/stm32f4xx_hal_i2c.o
 .debug_macro   0x000156d3      0x21a out/stm32f4xx_hal_cortex.o
 .debug_macro   0x000158ed      0x222 out/stm32f4xx_hal_uart.o
 .debug_macro   0x00015b0f      0x21a out/stm32f4xx_ll_fsmc.o
 .debug_macro   0x00015d29      0x21a out/stm32f4xx_hal_sram.o
 .debug_macro   0x00015f43      0x21a out/stm32f4xx_hal_tim_ex.o
 .debug_macro   0x0001615d      0x21b out/stm32f4xx_hal_tim.o
 .debug_macro   0x00016378      0x252 out/stm32f4xx_hal_gpio.o
 .debug_macro   0x000165ca      0x268 out/stm32f4xx_hal.o

.debug_str      0x00000000    0x7fe1c
 .debug_str     0x00000000    0x747bd out/system_stm32f4xx.o
                              0x749c2 (size before relaxing)
 .debug_str     0x000747bd      0x83b out/stm32f4xx_it.o
                              0x75025 (size before relaxing)
 .debug_str     0x00074ff8     0x513d out/main.o
                              0x7a35d (size before relaxing)
 .debug_str     0x0007a135      0x5d7 out/stm32f4xx_hal_msp.o
                              0x75fb4 (size before relaxing)
 .debug_str     0x0007a70c     0x191d out/newlib_stubs.o
                              0x789a0 (size before relaxing)
 .debug_str     0x0007c029       0xb3 out/portevent.o
                               0x4785 (size before relaxing)
 .debug_str     0x0007c0dc      0x1b8 out/portserial.o
                              0x76cf0 (size before relaxing)
 .debug_str     0x0007c294       0xd9 out/porttimer.o
                              0x76b95 (size before relaxing)
 .debug_str     0x0007c36d       0x50 out/port.o
                              0x74ee0 (size before relaxing)
 .debug_str     0x0007c3bd      0x591 out/mb.o
                               0x6ef2 (size before relaxing)
 .debug_str     0x0007c94e      0x229 out/mbrtu.o
                               0x6bd8 (size before relaxing)
 .debug_str     0x0007cb77       0x32 out/mbcrc.o
                               0x44a7 (size before relaxing)
 .debug_str     0x0007cba9       0xa1 out/mbutils.o
                               0x6962 (size before relaxing)
 .debug_str     0x0007cc4a      0x31b out/mbfunccoils.o
                               0x6ea2 (size before relaxing)
 .debug_str     0x0007cf65       0x97 out/mbfuncother.o
                               0x6bef (size before relaxing)
 .debug_str     0x0007cffc       0xa3 out/mbfuncdisc.o
                               0x6c7b (size before relaxing)
 .debug_str     0x0007d09f       0xd3 out/mbfuncinput.o
                               0x6c9f (size before relaxing)
 .debug_str     0x0007d172      0x39c out/mbfuncholding.o
                               0x70b4 (size before relaxing)
 .debug_str     0x0007d50e      0x2dd out/stm32f4xx_hal_rcc.o
                              0x74e98 (size before relaxing)
 .debug_str     0x0007d7eb      0x5f4 out/stm32f4xx_hal_i2c.o
                              0x75310 (size before relaxing)
 .debug_str     0x0007dddf      0x283 out/stm32f4xx_hal_cortex.o
                              0x75143 (size before relaxing)
 .debug_str     0x0007e062      0x32a out/stm32f4xx_hal_uart.o
                              0x750ca (size before relaxing)
 .debug_str     0x0007e38c      0x11c out/stm32f4xx_ll_fsmc.o
                              0x74d86 (size before relaxing)
 .debug_str     0x0007e4a8      0x1d4 out/stm32f4xx_hal_sram.o
                              0x74fa1 (size before relaxing)
 .debug_str     0x0007e67c      0x632 out/stm32f4xx_hal_tim_ex.o
                              0x75313 (size before relaxing)
 .debug_str     0x0007ecae      0xb5f out/stm32f4xx_hal_tim.o
                              0x75a5b (size before relaxing)
 .debug_str     0x0007f80d      0x22a out/stm32f4xx_hal_gpio.o
                              0x74c61 (size before relaxing)
 .debug_str     0x0007fa37      0x3e5 out/stm32f4xx_hal.o
                              0x753e7 (size before relaxing)

.comment        0x00000000       0x70
 .comment       0x00000000       0x70 out/system_stm32f4xx.o
                                 0x71 (size before relaxing)
 .comment       0x00000000       0x71 out/stm32f4xx_it.o
 .comment       0x00000000       0x71 out/main.o
 .comment       0x00000000       0x71 out/stm32f4xx_hal_msp.o
 .comment       0x00000000       0x71 out/newlib_stubs.o
 .comment       0x00000000       0x71 out/portevent.o
 .comment       0x00000000       0x71 out/portserial.o
 .comment       0x00000000       0x71 out/porttimer.o
 .comment       0x00000000       0x71 out/port.o
 .comment       0x00000000       0x71 out/mb.o
 .comment       0x00000000       0x71 out/mbrtu.o